// Validating benchmarks:
// ***** BenchmarkRunner: Start   *****
// ***** Found 6 benchmark(s) in total *****
// ***** Building 1 exe(s) in Parallel: Start   *****
// start dotnet  restore /p:UseSharedCompilation=false /p:BuildInParallel=false /m:1 /p:Deterministic=true /p:Optimize=true /p:IntermediateOutputPath="C:\Programming\projects\arcmantle\weave\packages\core\changelog\changelog-net\Changelog.Benchmarks\bin\Release\net10.0\73151924-c9b7-462a-8fe4-d469131c758a\obj\Release\net10.0/" /p:OutDir="C:\Programming\projects\arcmantle\weave\packages\core\changelog\changelog-net\Changelog.Benchmarks\bin\Release\net10.0\73151924-c9b7-462a-8fe4-d469131c758a\bin\Release\net10.0/" /p:OutputPath="C:\Programming\projects\arcmantle\weave\packages\core\changelog\changelog-net\Changelog.Benchmarks\bin\Release\net10.0\73151924-c9b7-462a-8fe4-d469131c758a\bin\Release\net10.0/" in C:\Programming\projects\arcmantle\weave\packages\core\changelog\changelog-net\Changelog.Benchmarks\bin\Release\net10.0\73151924-c9b7-462a-8fe4-d469131c758a
// command took 1.8 sec and exited with 0
// start dotnet  build -c Release --no-restore /p:UseSharedCompilation=false /p:BuildInParallel=false /m:1 /p:Deterministic=true /p:Optimize=true /p:IntermediateOutputPath="C:\Programming\projects\arcmantle\weave\packages\core\changelog\changelog-net\Changelog.Benchmarks\bin\Release\net10.0\73151924-c9b7-462a-8fe4-d469131c758a\obj\Release\net10.0/" /p:OutDir="C:\Programming\projects\arcmantle\weave\packages\core\changelog\changelog-net\Changelog.Benchmarks\bin\Release\net10.0\73151924-c9b7-462a-8fe4-d469131c758a\bin\Release\net10.0/" /p:OutputPath="C:\Programming\projects\arcmantle\weave\packages\core\changelog\changelog-net\Changelog.Benchmarks\bin\Release\net10.0\73151924-c9b7-462a-8fe4-d469131c758a\bin\Release\net10.0/" --output "C:\Programming\projects\arcmantle\weave\packages\core\changelog\changelog-net\Changelog.Benchmarks\bin\Release\net10.0\73151924-c9b7-462a-8fe4-d469131c758a\bin\Release\net10.0/" in C:\Programming\projects\arcmantle\weave\packages\core\changelog\changelog-net\Changelog.Benchmarks\bin\Release\net10.0\73151924-c9b7-462a-8fe4-d469131c758a
// command took 10.64 sec and exited with 0
// ***** Done, took 00:00:12 (12.52 sec)   *****
// Found 6 benchmarks:
//   SqliteBenchmarks.StreamHistoryFirstPageAsync: DefaultJob [ChangeCount=10000, GroupSize=1000, StorageMode=sqlite]
//   SqliteBenchmarks.StreamHistoryFirstPageAsync: DefaultJob [ChangeCount=10000, GroupSize=1000, StorageMode=sqlite+cache]
//   SqliteBenchmarks.StreamHistoryFirstPageAsync: DefaultJob [ChangeCount=100000, GroupSize=1000, StorageMode=sqlite]
//   SqliteBenchmarks.StreamHistoryFirstPageAsync: DefaultJob [ChangeCount=100000, GroupSize=1000, StorageMode=sqlite+cache]
//   SqliteBenchmarks.StreamHistoryFirstPageAsync: DefaultJob [ChangeCount=1000000, GroupSize=1000, StorageMode=sqlite]
//   SqliteBenchmarks.StreamHistoryFirstPageAsync: DefaultJob [ChangeCount=1000000, GroupSize=1000, StorageMode=sqlite+cache]

Setup power plan (GUID: 8c5e7fda-e8bf-4a96-9a85-a6e23a8c635c FriendlyName: High performance)
// **************************
// Benchmark: SqliteBenchmarks.StreamHistoryFirstPageAsync: DefaultJob [ChangeCount=10000, GroupSize=1000, StorageMode=sqlite]
// *** Execute ***
// Launch: 1 / 1
// Execute: dotnet 73151924-c9b7-462a-8fe4-d469131c758a.dll --anonymousPipes 1804 1792 --benchmarkName "Changelog.Benchmarks.SqliteBenchmarks.StreamHistoryFirstPageAsync(ChangeCount: 10000, GroupSize: 1000, StorageMode: \"sqlite\")" --job Default --benchmarkId 0 in C:\Programming\projects\arcmantle\weave\packages\core\changelog\changelog-net\Changelog.Benchmarks\bin\Release\net10.0\73151924-c9b7-462a-8fe4-d469131c758a\bin\Release\net10.0
// BeforeAnythingElse

// Benchmark Process Environment Information:
// BenchmarkDotNet v0.14.0
// Runtime=.NET 10.0.1 (10.0.125.57005), X64 RyuJIT AVX2
// GC=Concurrent Workstation
// HardwareIntrinsics=AVX2,AES,BMI1,BMI2,FMA,LZCNT,PCLMUL,POPCNT VectorSize=256
// Job: DefaultJob

Dataset generation complete in 0.2s
OverheadJitting  1: 1 op, 486100.00 ns, 486.1000 us/op
WorkloadJitting  1: 1 op, 34048800.00 ns, 34.0488 ms/op

WorkloadPilot    1: 2 op, 10852800.00 ns, 5.4264 ms/op
WorkloadPilot    2: 3 op, 17555500.00 ns, 5.8518 ms/op
WorkloadPilot    3: 4 op, 24777400.00 ns, 6.1944 ms/op
WorkloadPilot    4: 5 op, 29125200.00 ns, 5.8250 ms/op
WorkloadPilot    5: 6 op, 31261900.00 ns, 5.2103 ms/op
WorkloadPilot    6: 7 op, 34093100.00 ns, 4.8704 ms/op
WorkloadPilot    7: 8 op, 38450400.00 ns, 4.8063 ms/op
WorkloadPilot    8: 9 op, 53965600.00 ns, 5.9962 ms/op
WorkloadPilot    9: 10 op, 65827400.00 ns, 6.5827 ms/op
WorkloadPilot   10: 11 op, 72943700.00 ns, 6.6312 ms/op
WorkloadPilot   11: 12 op, 73903800.00 ns, 6.1587 ms/op
WorkloadPilot   12: 13 op, 85010800.00 ns, 6.5393 ms/op
WorkloadPilot   13: 14 op, 93505800.00 ns, 6.6790 ms/op
WorkloadPilot   14: 15 op, 77732700.00 ns, 5.1822 ms/op
WorkloadPilot   15: 16 op, 71530700.00 ns, 4.4707 ms/op
WorkloadPilot   16: 32 op, 132099800.00 ns, 4.1281 ms/op
WorkloadPilot   17: 64 op, 121493500.00 ns, 1.8983 ms/op
WorkloadPilot   18: 128 op, 244478700.00 ns, 1.9100 ms/op
WorkloadPilot   19: 256 op, 427421300.00 ns, 1.6696 ms/op
WorkloadPilot   20: 512 op, 868762000.00 ns, 1.6968 ms/op

WorkloadWarmup   1: 512 op, 891387000.00 ns, 1.7410 ms/op
WorkloadWarmup   2: 512 op, 888062100.00 ns, 1.7345 ms/op
WorkloadWarmup   3: 512 op, 996324900.00 ns, 1.9459 ms/op
WorkloadWarmup   4: 512 op, 875220900.00 ns, 1.7094 ms/op
WorkloadWarmup   5: 512 op, 973448400.00 ns, 1.9013 ms/op
WorkloadWarmup   6: 512 op, 992813100.00 ns, 1.9391 ms/op
WorkloadWarmup   7: 512 op, 864675100.00 ns, 1.6888 ms/op

// BeforeActualRun
WorkloadActual   1: 512 op, 859587000.00 ns, 1.6789 ms/op
WorkloadActual   2: 512 op, 881299400.00 ns, 1.7213 ms/op
WorkloadActual   3: 512 op, 992353900.00 ns, 1.9382 ms/op
WorkloadActual   4: 512 op, 857299800.00 ns, 1.6744 ms/op
WorkloadActual   5: 512 op, 860698500.00 ns, 1.6811 ms/op
WorkloadActual   6: 512 op, 857209100.00 ns, 1.6742 ms/op
WorkloadActual   7: 512 op, 877266300.00 ns, 1.7134 ms/op
WorkloadActual   8: 512 op, 1001449200.00 ns, 1.9560 ms/op
WorkloadActual   9: 512 op, 849358800.00 ns, 1.6589 ms/op
WorkloadActual  10: 512 op, 853215500.00 ns, 1.6664 ms/op
WorkloadActual  11: 512 op, 873679000.00 ns, 1.7064 ms/op
WorkloadActual  12: 512 op, 950166400.00 ns, 1.8558 ms/op
WorkloadActual  13: 512 op, 858327300.00 ns, 1.6764 ms/op
WorkloadActual  14: 512 op, 853747700.00 ns, 1.6675 ms/op
WorkloadActual  15: 512 op, 866437800.00 ns, 1.6923 ms/op

// AfterActualRun
WorkloadResult   1: 512 op, 859587000.00 ns, 1.6789 ms/op
WorkloadResult   2: 512 op, 881299400.00 ns, 1.7213 ms/op
WorkloadResult   3: 512 op, 857299800.00 ns, 1.6744 ms/op
WorkloadResult   4: 512 op, 860698500.00 ns, 1.6811 ms/op
WorkloadResult   5: 512 op, 857209100.00 ns, 1.6742 ms/op
WorkloadResult   6: 512 op, 877266300.00 ns, 1.7134 ms/op
WorkloadResult   7: 512 op, 849358800.00 ns, 1.6589 ms/op
WorkloadResult   8: 512 op, 853215500.00 ns, 1.6664 ms/op
WorkloadResult   9: 512 op, 873679000.00 ns, 1.7064 ms/op
WorkloadResult  10: 512 op, 858327300.00 ns, 1.6764 ms/op
WorkloadResult  11: 512 op, 853747700.00 ns, 1.6675 ms/op
WorkloadResult  12: 512 op, 866437800.00 ns, 1.6923 ms/op
// GC:  44 0 0 374195248 512
// Threading:  0 0 512

// AfterAll
// Benchmark Process 54200 has exited with code 0.

Mean = 1.684 ms, StdErr = 0.006 ms (0.34%), N = 12, StdDev = 0.020 ms
Min = 1.659 ms, Q1 = 1.673 ms, Median = 1.678 ms, Q3 = 1.696 ms, Max = 1.721 ms
IQR = 0.023 ms, LowerFence = 1.638 ms, UpperFence = 1.731 ms
ConfidenceInterval = [1.659 ms; 1.710 ms] (CI 99.9%), Margin = 0.025 ms (1.51% of Mean)
Skewness = 0.62, Kurtosis = 1.87, MValue = 2

// ** Remained 5 (83.3%) benchmark(s) to run. Estimated finish 2026-01-02 20:41 (0h 2m from now) **
Setup power plan (GUID: 8c5e7fda-e8bf-4a96-9a85-a6e23a8c635c FriendlyName: High performance)
// **************************
// Benchmark: SqliteBenchmarks.StreamHistoryFirstPageAsync: DefaultJob [ChangeCount=10000, GroupSize=1000, StorageMode=sqlite+cache]
// *** Execute ***
// Launch: 1 / 1
// Execute: dotnet 73151924-c9b7-462a-8fe4-d469131c758a.dll --anonymousPipes 1664 1824 --benchmarkName "Changelog.Benchmarks.SqliteBenchmarks.StreamHistoryFirstPageAsync(ChangeCount: 10000, GroupSize: 1000, StorageMode: \"sqlite+cache\")" --job Default --benchmarkId 1 in C:\Programming\projects\arcmantle\weave\packages\core\changelog\changelog-net\Changelog.Benchmarks\bin\Release\net10.0\73151924-c9b7-462a-8fe4-d469131c758a\bin\Release\net10.0
// BeforeAnythingElse

// Benchmark Process Environment Information:
// BenchmarkDotNet v0.14.0
// Runtime=.NET 10.0.1 (10.0.125.57005), X64 RyuJIT AVX2
// GC=Concurrent Workstation
// HardwareIntrinsics=AVX2,AES,BMI1,BMI2,FMA,LZCNT,PCLMUL,POPCNT VectorSize=256
// Job: DefaultJob

OverheadJitting  1: 1 op, 297900.00 ns, 297.9000 us/op
WorkloadJitting  1: 1 op, 33418300.00 ns, 33.4183 ms/op

WorkloadPilot    1: 2 op, 11943700.00 ns, 5.9719 ms/op
WorkloadPilot    2: 3 op, 18533900.00 ns, 6.1780 ms/op
WorkloadPilot    3: 4 op, 25201300.00 ns, 6.3003 ms/op
WorkloadPilot    4: 5 op, 21589200.00 ns, 4.3178 ms/op
WorkloadPilot    5: 6 op, 23762300.00 ns, 3.9604 ms/op
WorkloadPilot    6: 7 op, 28981100.00 ns, 4.1402 ms/op
WorkloadPilot    7: 8 op, 40064500.00 ns, 5.0081 ms/op
WorkloadPilot    8: 9 op, 43165500.00 ns, 4.7962 ms/op
WorkloadPilot    9: 10 op, 47798200.00 ns, 4.7798 ms/op
WorkloadPilot   10: 11 op, 53946000.00 ns, 4.9042 ms/op
WorkloadPilot   11: 12 op, 57501800.00 ns, 4.7918 ms/op
WorkloadPilot   12: 13 op, 66095100.00 ns, 5.0842 ms/op
WorkloadPilot   13: 14 op, 69755600.00 ns, 4.9825 ms/op
WorkloadPilot   14: 15 op, 76333900.00 ns, 5.0889 ms/op
WorkloadPilot   15: 16 op, 75521900.00 ns, 4.7201 ms/op
WorkloadPilot   16: 32 op, 142454200.00 ns, 4.4517 ms/op
WorkloadPilot   17: 64 op, 180206900.00 ns, 2.8157 ms/op
WorkloadPilot   18: 128 op, 258228800.00 ns, 2.0174 ms/op
WorkloadPilot   19: 256 op, 485765100.00 ns, 1.8975 ms/op
WorkloadPilot   20: 512 op, 960083200.00 ns, 1.8752 ms/op

WorkloadWarmup   1: 512 op, 904047900.00 ns, 1.7657 ms/op
WorkloadWarmup   2: 512 op, 881200900.00 ns, 1.7211 ms/op
WorkloadWarmup   3: 512 op, 871153200.00 ns, 1.7015 ms/op
WorkloadWarmup   4: 512 op, 867527500.00 ns, 1.6944 ms/op
WorkloadWarmup   5: 512 op, 979515500.00 ns, 1.9131 ms/op
WorkloadWarmup   6: 512 op, 886615200.00 ns, 1.7317 ms/op
WorkloadWarmup   7: 512 op, 888474500.00 ns, 1.7353 ms/op
WorkloadWarmup   8: 512 op, 866139200.00 ns, 1.6917 ms/op

// BeforeActualRun
WorkloadActual   1: 512 op, 872295200.00 ns, 1.7037 ms/op
WorkloadActual   2: 512 op, 976867600.00 ns, 1.9079 ms/op
WorkloadActual   3: 512 op, 867415900.00 ns, 1.6942 ms/op
WorkloadActual   4: 512 op, 872631800.00 ns, 1.7044 ms/op
WorkloadActual   5: 512 op, 873954700.00 ns, 1.7069 ms/op
WorkloadActual   6: 512 op, 862266800.00 ns, 1.6841 ms/op
WorkloadActual   7: 512 op, 986128000.00 ns, 1.9260 ms/op
WorkloadActual   8: 512 op, 862187500.00 ns, 1.6840 ms/op
WorkloadActual   9: 512 op, 859912800.00 ns, 1.6795 ms/op
WorkloadActual  10: 512 op, 860691100.00 ns, 1.6810 ms/op
WorkloadActual  11: 512 op, 869908800.00 ns, 1.6990 ms/op
WorkloadActual  12: 512 op, 903854200.00 ns, 1.7653 ms/op
WorkloadActual  13: 512 op, 868586300.00 ns, 1.6965 ms/op
WorkloadActual  14: 512 op, 881202500.00 ns, 1.7211 ms/op
WorkloadActual  15: 512 op, 900209100.00 ns, 1.7582 ms/op

// AfterActualRun
WorkloadResult   1: 512 op, 872295200.00 ns, 1.7037 ms/op
WorkloadResult   2: 512 op, 867415900.00 ns, 1.6942 ms/op
WorkloadResult   3: 512 op, 872631800.00 ns, 1.7044 ms/op
WorkloadResult   4: 512 op, 873954700.00 ns, 1.7069 ms/op
WorkloadResult   5: 512 op, 862266800.00 ns, 1.6841 ms/op
WorkloadResult   6: 512 op, 862187500.00 ns, 1.6840 ms/op
WorkloadResult   7: 512 op, 859912800.00 ns, 1.6795 ms/op
WorkloadResult   8: 512 op, 860691100.00 ns, 1.6810 ms/op
WorkloadResult   9: 512 op, 869908800.00 ns, 1.6990 ms/op
WorkloadResult  10: 512 op, 903854200.00 ns, 1.7653 ms/op
WorkloadResult  11: 512 op, 868586300.00 ns, 1.6965 ms/op
WorkloadResult  12: 512 op, 881202500.00 ns, 1.7211 ms/op
WorkloadResult  13: 512 op, 900209100.00 ns, 1.7582 ms/op
// GC:  44 0 0 374194240 512
// Threading:  0 0 512

// AfterAll
// Benchmark Process 52904 has exited with code 0.

Mean = 1.706 ms, StdErr = 0.008 ms (0.45%), N = 13, StdDev = 0.027 ms
Min = 1.680 ms, Q1 = 1.684 ms, Median = 1.699 ms, Q3 = 1.707 ms, Max = 1.765 ms
IQR = 0.023 ms, LowerFence = 1.650 ms, UpperFence = 1.741 ms
ConfidenceInterval = [1.673 ms; 1.739 ms] (CI 99.9%), Margin = 0.033 ms (1.93% of Mean)
Skewness = 1.1, Kurtosis = 2.87, MValue = 2

// ** Remained 4 (66.7%) benchmark(s) to run. Estimated finish 2026-01-02 20:41 (0h 1m from now) **
Setup power plan (GUID: 8c5e7fda-e8bf-4a96-9a85-a6e23a8c635c FriendlyName: High performance)
// **************************
// Benchmark: SqliteBenchmarks.StreamHistoryFirstPageAsync: DefaultJob [ChangeCount=100000, GroupSize=1000, StorageMode=sqlite]
// *** Execute ***
// Launch: 1 / 1
// Execute: dotnet 73151924-c9b7-462a-8fe4-d469131c758a.dll --anonymousPipes 1764 1800 --benchmarkName "Changelog.Benchmarks.SqliteBenchmarks.StreamHistoryFirstPageAsync(ChangeCount: 100000, GroupSize: 1000, StorageMode: \"sqlite\")" --job Default --benchmarkId 2 in C:\Programming\projects\arcmantle\weave\packages\core\changelog\changelog-net\Changelog.Benchmarks\bin\Release\net10.0\73151924-c9b7-462a-8fe4-d469131c758a\bin\Release\net10.0
// BeforeAnythingElse

// Benchmark Process Environment Information:
// BenchmarkDotNet v0.14.0
// Runtime=.NET 10.0.1 (10.0.125.57005), X64 RyuJIT AVX2
// GC=Concurrent Workstation
// HardwareIntrinsics=AVX2,AES,BMI1,BMI2,FMA,LZCNT,PCLMUL,POPCNT VectorSize=256
// Job: DefaultJob

Dataset generation complete in 1.1s
OverheadJitting  1: 1 op, 308700.00 ns, 308.7000 us/op
WorkloadJitting  1: 1 op, 13349300.00 ns, 13.3493 ms/op

OverheadJitting  2: 16 op, 436500.00 ns, 27.2813 us/op
WorkloadJitting  2: 16 op, 89101700.00 ns, 5.5689 ms/op

WorkloadPilot    1: 16 op, 77165500.00 ns, 4.8228 ms/op
WorkloadPilot    2: 32 op, 156098300.00 ns, 4.8781 ms/op
WorkloadPilot    3: 64 op, 291276400.00 ns, 4.5512 ms/op
WorkloadPilot    4: 128 op, 283653900.00 ns, 2.2160 ms/op
WorkloadPilot    5: 256 op, 463181500.00 ns, 1.8093 ms/op
WorkloadPilot    6: 512 op, 1020453600.00 ns, 1.9931 ms/op

OverheadWarmup   1: 512 op, 2800.00 ns, 5.4688 ns/op
OverheadWarmup   2: 512 op, 1900.00 ns, 3.7109 ns/op
OverheadWarmup   3: 512 op, 1400.00 ns, 2.7344 ns/op
OverheadWarmup   4: 512 op, 1400.00 ns, 2.7344 ns/op
OverheadWarmup   5: 512 op, 1400.00 ns, 2.7344 ns/op
OverheadWarmup   6: 512 op, 1200.00 ns, 2.3438 ns/op
OverheadWarmup   7: 512 op, 1300.00 ns, 2.5391 ns/op

OverheadActual   1: 512 op, 1900.00 ns, 3.7109 ns/op
OverheadActual   2: 512 op, 1500.00 ns, 2.9297 ns/op
OverheadActual   3: 512 op, 1400.00 ns, 2.7344 ns/op
OverheadActual   4: 512 op, 1700.00 ns, 3.3203 ns/op
OverheadActual   5: 512 op, 1900.00 ns, 3.7109 ns/op
OverheadActual   6: 512 op, 1400.00 ns, 2.7344 ns/op
OverheadActual   7: 512 op, 2300.00 ns, 4.4922 ns/op
OverheadActual   8: 512 op, 1900.00 ns, 3.7109 ns/op
OverheadActual   9: 512 op, 1700.00 ns, 3.3203 ns/op
OverheadActual  10: 512 op, 1400.00 ns, 2.7344 ns/op
OverheadActual  11: 512 op, 2100.00 ns, 4.1016 ns/op
OverheadActual  12: 512 op, 1800.00 ns, 3.5156 ns/op
OverheadActual  13: 512 op, 1800.00 ns, 3.5156 ns/op
OverheadActual  14: 512 op, 1500.00 ns, 2.9297 ns/op
OverheadActual  15: 512 op, 1700.00 ns, 3.3203 ns/op
OverheadActual  16: 512 op, 1500.00 ns, 2.9297 ns/op
OverheadActual  17: 512 op, 1200.00 ns, 2.3438 ns/op
OverheadActual  18: 512 op, 1400.00 ns, 2.7344 ns/op
OverheadActual  19: 512 op, 3000.00 ns, 5.8594 ns/op
OverheadActual  20: 512 op, 1700.00 ns, 3.3203 ns/op

WorkloadWarmup   1: 512 op, 888943200.00 ns, 1.7362 ms/op
WorkloadWarmup   2: 512 op, 951396900.00 ns, 1.8582 ms/op
WorkloadWarmup   3: 512 op, 926521700.00 ns, 1.8096 ms/op
WorkloadWarmup   4: 512 op, 1090461000.00 ns, 2.1298 ms/op
WorkloadWarmup   5: 512 op, 932110000.00 ns, 1.8205 ms/op
WorkloadWarmup   6: 512 op, 915180500.00 ns, 1.7875 ms/op

// BeforeActualRun
WorkloadActual   1: 512 op, 1029375400.00 ns, 2.0105 ms/op
WorkloadActual   2: 512 op, 931736500.00 ns, 1.8198 ms/op
WorkloadActual   3: 512 op, 1046552200.00 ns, 2.0440 ms/op
WorkloadActual   4: 512 op, 992001900.00 ns, 1.9375 ms/op
WorkloadActual   5: 512 op, 962628600.00 ns, 1.8801 ms/op
WorkloadActual   6: 512 op, 878185800.00 ns, 1.7152 ms/op
WorkloadActual   7: 512 op, 876708800.00 ns, 1.7123 ms/op
WorkloadActual   8: 512 op, 873554800.00 ns, 1.7062 ms/op
WorkloadActual   9: 512 op, 887408600.00 ns, 1.7332 ms/op
WorkloadActual  10: 512 op, 917767500.00 ns, 1.7925 ms/op
WorkloadActual  11: 512 op, 890233000.00 ns, 1.7387 ms/op
WorkloadActual  12: 512 op, 863597700.00 ns, 1.6867 ms/op
WorkloadActual  13: 512 op, 904133000.00 ns, 1.7659 ms/op
WorkloadActual  14: 512 op, 928603700.00 ns, 1.8137 ms/op
WorkloadActual  15: 512 op, 896225600.00 ns, 1.7504 ms/op
WorkloadActual  16: 512 op, 944305900.00 ns, 1.8443 ms/op
WorkloadActual  17: 512 op, 901549900.00 ns, 1.7608 ms/op
WorkloadActual  18: 512 op, 882964300.00 ns, 1.7245 ms/op
WorkloadActual  19: 512 op, 883048800.00 ns, 1.7247 ms/op
WorkloadActual  20: 512 op, 894602300.00 ns, 1.7473 ms/op
WorkloadActual  21: 512 op, 950755200.00 ns, 1.8569 ms/op
WorkloadActual  22: 512 op, 885591000.00 ns, 1.7297 ms/op
WorkloadActual  23: 512 op, 896333700.00 ns, 1.7507 ms/op
WorkloadActual  24: 512 op, 954441700.00 ns, 1.8641 ms/op
WorkloadActual  25: 512 op, 901540800.00 ns, 1.7608 ms/op
WorkloadActual  26: 512 op, 1001768800.00 ns, 1.9566 ms/op
WorkloadActual  27: 512 op, 945904300.00 ns, 1.8475 ms/op
WorkloadActual  28: 512 op, 987765700.00 ns, 1.9292 ms/op
WorkloadActual  29: 512 op, 982389200.00 ns, 1.9187 ms/op
WorkloadActual  30: 512 op, 872936100.00 ns, 1.7050 ms/op
WorkloadActual  31: 512 op, 926021000.00 ns, 1.8086 ms/op
WorkloadActual  32: 512 op, 886171300.00 ns, 1.7308 ms/op
WorkloadActual  33: 512 op, 948368700.00 ns, 1.8523 ms/op
WorkloadActual  34: 512 op, 926617300.00 ns, 1.8098 ms/op
WorkloadActual  35: 512 op, 982230500.00 ns, 1.9184 ms/op
WorkloadActual  36: 512 op, 885277600.00 ns, 1.7291 ms/op
WorkloadActual  37: 512 op, 899001900.00 ns, 1.7559 ms/op
WorkloadActual  38: 512 op, 913234300.00 ns, 1.7837 ms/op
WorkloadActual  39: 512 op, 1000630000.00 ns, 1.9544 ms/op
WorkloadActual  40: 512 op, 954665100.00 ns, 1.8646 ms/op
WorkloadActual  41: 512 op, 935447000.00 ns, 1.8270 ms/op
WorkloadActual  42: 512 op, 883581300.00 ns, 1.7257 ms/op
WorkloadActual  43: 512 op, 893147800.00 ns, 1.7444 ms/op
WorkloadActual  44: 512 op, 926146200.00 ns, 1.8089 ms/op
WorkloadActual  45: 512 op, 1041766800.00 ns, 2.0347 ms/op
WorkloadActual  46: 512 op, 934991100.00 ns, 1.8262 ms/op
WorkloadActual  47: 512 op, 881894600.00 ns, 1.7225 ms/op
WorkloadActual  48: 512 op, 910645000.00 ns, 1.7786 ms/op
WorkloadActual  49: 512 op, 864356400.00 ns, 1.6882 ms/op
WorkloadActual  50: 512 op, 913116100.00 ns, 1.7834 ms/op
WorkloadActual  51: 512 op, 856089000.00 ns, 1.6720 ms/op
WorkloadActual  52: 512 op, 871178800.00 ns, 1.7015 ms/op
WorkloadActual  53: 512 op, 920504500.00 ns, 1.7979 ms/op
WorkloadActual  54: 512 op, 874519500.00 ns, 1.7080 ms/op
WorkloadActual  55: 512 op, 865567100.00 ns, 1.6906 ms/op
WorkloadActual  56: 512 op, 866870500.00 ns, 1.6931 ms/op
WorkloadActual  57: 512 op, 892494900.00 ns, 1.7432 ms/op
WorkloadActual  58: 512 op, 934728900.00 ns, 1.8256 ms/op
WorkloadActual  59: 512 op, 874053600.00 ns, 1.7071 ms/op
WorkloadActual  60: 512 op, 877090500.00 ns, 1.7131 ms/op
WorkloadActual  61: 512 op, 940571600.00 ns, 1.8371 ms/op
WorkloadActual  62: 512 op, 875228600.00 ns, 1.7094 ms/op
WorkloadActual  63: 512 op, 917938100.00 ns, 1.7928 ms/op

// AfterActualRun
WorkloadResult   1: 512 op, 1029373700.00 ns, 2.0105 ms/op
WorkloadResult   2: 512 op, 931734800.00 ns, 1.8198 ms/op
WorkloadResult   3: 512 op, 992000200.00 ns, 1.9375 ms/op
WorkloadResult   4: 512 op, 962626900.00 ns, 1.8801 ms/op
WorkloadResult   5: 512 op, 878184100.00 ns, 1.7152 ms/op
WorkloadResult   6: 512 op, 876707100.00 ns, 1.7123 ms/op
WorkloadResult   7: 512 op, 873553100.00 ns, 1.7062 ms/op
WorkloadResult   8: 512 op, 887406900.00 ns, 1.7332 ms/op
WorkloadResult   9: 512 op, 917765800.00 ns, 1.7925 ms/op
WorkloadResult  10: 512 op, 890231300.00 ns, 1.7387 ms/op
WorkloadResult  11: 512 op, 863596000.00 ns, 1.6867 ms/op
WorkloadResult  12: 512 op, 904131300.00 ns, 1.7659 ms/op
WorkloadResult  13: 512 op, 928602000.00 ns, 1.8137 ms/op
WorkloadResult  14: 512 op, 896223900.00 ns, 1.7504 ms/op
WorkloadResult  15: 512 op, 944304200.00 ns, 1.8443 ms/op
WorkloadResult  16: 512 op, 901548200.00 ns, 1.7608 ms/op
WorkloadResult  17: 512 op, 882962600.00 ns, 1.7245 ms/op
WorkloadResult  18: 512 op, 883047100.00 ns, 1.7247 ms/op
WorkloadResult  19: 512 op, 894600600.00 ns, 1.7473 ms/op
WorkloadResult  20: 512 op, 950753500.00 ns, 1.8569 ms/op
WorkloadResult  21: 512 op, 885589300.00 ns, 1.7297 ms/op
WorkloadResult  22: 512 op, 896332000.00 ns, 1.7506 ms/op
WorkloadResult  23: 512 op, 954440000.00 ns, 1.8641 ms/op
WorkloadResult  24: 512 op, 901539100.00 ns, 1.7608 ms/op
WorkloadResult  25: 512 op, 1001767100.00 ns, 1.9566 ms/op
WorkloadResult  26: 512 op, 945902600.00 ns, 1.8475 ms/op
WorkloadResult  27: 512 op, 987764000.00 ns, 1.9292 ms/op
WorkloadResult  28: 512 op, 982387500.00 ns, 1.9187 ms/op
WorkloadResult  29: 512 op, 872934400.00 ns, 1.7050 ms/op
WorkloadResult  30: 512 op, 926019300.00 ns, 1.8086 ms/op
WorkloadResult  31: 512 op, 886169600.00 ns, 1.7308 ms/op
WorkloadResult  32: 512 op, 948367000.00 ns, 1.8523 ms/op
WorkloadResult  33: 512 op, 926615600.00 ns, 1.8098 ms/op
WorkloadResult  34: 512 op, 982228800.00 ns, 1.9184 ms/op
WorkloadResult  35: 512 op, 885275900.00 ns, 1.7291 ms/op
WorkloadResult  36: 512 op, 899000200.00 ns, 1.7559 ms/op
WorkloadResult  37: 512 op, 913232600.00 ns, 1.7837 ms/op
WorkloadResult  38: 512 op, 1000628300.00 ns, 1.9544 ms/op
WorkloadResult  39: 512 op, 954663400.00 ns, 1.8646 ms/op
WorkloadResult  40: 512 op, 935445300.00 ns, 1.8270 ms/op
WorkloadResult  41: 512 op, 883579600.00 ns, 1.7257 ms/op
WorkloadResult  42: 512 op, 893146100.00 ns, 1.7444 ms/op
WorkloadResult  43: 512 op, 926144500.00 ns, 1.8089 ms/op
WorkloadResult  44: 512 op, 934989400.00 ns, 1.8262 ms/op
WorkloadResult  45: 512 op, 881892900.00 ns, 1.7224 ms/op
WorkloadResult  46: 512 op, 910643300.00 ns, 1.7786 ms/op
WorkloadResult  47: 512 op, 864354700.00 ns, 1.6882 ms/op
WorkloadResult  48: 512 op, 913114400.00 ns, 1.7834 ms/op
WorkloadResult  49: 512 op, 856087300.00 ns, 1.6720 ms/op
WorkloadResult  50: 512 op, 871177100.00 ns, 1.7015 ms/op
WorkloadResult  51: 512 op, 920502800.00 ns, 1.7979 ms/op
WorkloadResult  52: 512 op, 874517800.00 ns, 1.7080 ms/op
WorkloadResult  53: 512 op, 865565400.00 ns, 1.6906 ms/op
WorkloadResult  54: 512 op, 866868800.00 ns, 1.6931 ms/op
WorkloadResult  55: 512 op, 892493200.00 ns, 1.7432 ms/op
WorkloadResult  56: 512 op, 934727200.00 ns, 1.8256 ms/op
WorkloadResult  57: 512 op, 874051900.00 ns, 1.7071 ms/op
WorkloadResult  58: 512 op, 877088800.00 ns, 1.7131 ms/op
WorkloadResult  59: 512 op, 940569900.00 ns, 1.8371 ms/op
WorkloadResult  60: 512 op, 875226900.00 ns, 1.7094 ms/op
WorkloadResult  61: 512 op, 917936400.00 ns, 1.7928 ms/op
// GC:  44 0 0 374195248 512
// Threading:  0 0 512

// AfterAll
// Benchmark Process 49428 has exited with code 0.

Mean = 1.785 ms, StdErr = 0.010 ms (0.57%), N = 61, StdDev = 0.080 ms
Min = 1.672 ms, Q1 = 1.725 ms, Median = 1.761 ms, Q3 = 1.827 ms, Max = 2.010 ms
IQR = 0.103 ms, LowerFence = 1.571 ms, UpperFence = 1.981 ms
ConfidenceInterval = [1.750 ms; 1.820 ms] (CI 99.9%), Margin = 0.035 ms (1.97% of Mean)
Skewness = 0.82, Kurtosis = 2.89, MValue = 2

// ** Remained 3 (50.0%) benchmark(s) to run. Estimated finish 2026-01-02 20:42 (0h 1m from now) **
Setup power plan (GUID: 8c5e7fda-e8bf-4a96-9a85-a6e23a8c635c FriendlyName: High performance)
// **************************
// Benchmark: SqliteBenchmarks.StreamHistoryFirstPageAsync: DefaultJob [ChangeCount=100000, GroupSize=1000, StorageMode=sqlite+cache]
// *** Execute ***
// Launch: 1 / 1
// Execute: dotnet 73151924-c9b7-462a-8fe4-d469131c758a.dll --anonymousPipes 1732 1836 --benchmarkName "Changelog.Benchmarks.SqliteBenchmarks.StreamHistoryFirstPageAsync(ChangeCount: 100000, GroupSize: 1000, StorageMode: \"sqlite+cache\")" --job Default --benchmarkId 3 in C:\Programming\projects\arcmantle\weave\packages\core\changelog\changelog-net\Changelog.Benchmarks\bin\Release\net10.0\73151924-c9b7-462a-8fe4-d469131c758a\bin\Release\net10.0
// BeforeAnythingElse

// Benchmark Process Environment Information:
// BenchmarkDotNet v0.14.0
// Runtime=.NET 10.0.1 (10.0.125.57005), X64 RyuJIT AVX2
// GC=Concurrent Workstation
// HardwareIntrinsics=AVX2,AES,BMI1,BMI2,FMA,LZCNT,PCLMUL,POPCNT VectorSize=256
// Job: DefaultJob

OverheadJitting  1: 1 op, 223700.00 ns, 223.7000 us/op
WorkloadJitting  1: 1 op, 31539700.00 ns, 31.5397 ms/op

OverheadJitting  2: 16 op, 337700.00 ns, 21.1063 us/op
WorkloadJitting  2: 16 op, 67382300.00 ns, 4.2114 ms/op

WorkloadPilot    1: 16 op, 62461800.00 ns, 3.9039 ms/op
WorkloadPilot    2: 32 op, 124862000.00 ns, 3.9019 ms/op
WorkloadPilot    3: 64 op, 297435700.00 ns, 4.6474 ms/op
WorkloadPilot    4: 128 op, 446985600.00 ns, 3.4921 ms/op
WorkloadPilot    5: 256 op, 478806600.00 ns, 1.8703 ms/op
WorkloadPilot    6: 512 op, 910104100.00 ns, 1.7775 ms/op

OverheadWarmup   1: 512 op, 2600.00 ns, 5.0781 ns/op
OverheadWarmup   2: 512 op, 1700.00 ns, 3.3203 ns/op
OverheadWarmup   3: 512 op, 1500.00 ns, 2.9297 ns/op
OverheadWarmup   4: 512 op, 1500.00 ns, 2.9297 ns/op
OverheadWarmup   5: 512 op, 1400.00 ns, 2.7344 ns/op
OverheadWarmup   6: 512 op, 1700.00 ns, 3.3203 ns/op
OverheadWarmup   7: 512 op, 1700.00 ns, 3.3203 ns/op

OverheadActual   1: 512 op, 2200.00 ns, 4.2969 ns/op
OverheadActual   2: 512 op, 1500.00 ns, 2.9297 ns/op
OverheadActual   3: 512 op, 2200.00 ns, 4.2969 ns/op
OverheadActual   4: 512 op, 1600.00 ns, 3.1250 ns/op
OverheadActual   5: 512 op, 1700.00 ns, 3.3203 ns/op
OverheadActual   6: 512 op, 1500.00 ns, 2.9297 ns/op
OverheadActual   7: 512 op, 1700.00 ns, 3.3203 ns/op
OverheadActual   8: 512 op, 1400.00 ns, 2.7344 ns/op
OverheadActual   9: 512 op, 1600.00 ns, 3.1250 ns/op
OverheadActual  10: 512 op, 1500.00 ns, 2.9297 ns/op
OverheadActual  11: 512 op, 1900.00 ns, 3.7109 ns/op
OverheadActual  12: 512 op, 1600.00 ns, 3.1250 ns/op
OverheadActual  13: 512 op, 2200.00 ns, 4.2969 ns/op
OverheadActual  14: 512 op, 1500.00 ns, 2.9297 ns/op
OverheadActual  15: 512 op, 1400.00 ns, 2.7344 ns/op
OverheadActual  16: 512 op, 2100.00 ns, 4.1016 ns/op
OverheadActual  17: 512 op, 1600.00 ns, 3.1250 ns/op
OverheadActual  18: 512 op, 1700.00 ns, 3.3203 ns/op
OverheadActual  19: 512 op, 2300.00 ns, 4.4922 ns/op
OverheadActual  20: 512 op, 1500.00 ns, 2.9297 ns/op

WorkloadWarmup   1: 512 op, 983915600.00 ns, 1.9217 ms/op
WorkloadWarmup   2: 512 op, 876338100.00 ns, 1.7116 ms/op
WorkloadWarmup   3: 512 op, 931303200.00 ns, 1.8190 ms/op
WorkloadWarmup   4: 512 op, 945802700.00 ns, 1.8473 ms/op
WorkloadWarmup   5: 512 op, 958726400.00 ns, 1.8725 ms/op
WorkloadWarmup   6: 512 op, 972727900.00 ns, 1.8999 ms/op
WorkloadWarmup   7: 512 op, 905831700.00 ns, 1.7692 ms/op
WorkloadWarmup   8: 512 op, 950677500.00 ns, 1.8568 ms/op
WorkloadWarmup   9: 512 op, 904767400.00 ns, 1.7671 ms/op

// BeforeActualRun
WorkloadActual   1: 512 op, 934770800.00 ns, 1.8257 ms/op
WorkloadActual   2: 512 op, 940157800.00 ns, 1.8362 ms/op
WorkloadActual   3: 512 op, 914563300.00 ns, 1.7863 ms/op
WorkloadActual   4: 512 op, 934333800.00 ns, 1.8249 ms/op
WorkloadActual   5: 512 op, 872218800.00 ns, 1.7036 ms/op
WorkloadActual   6: 512 op, 1002345600.00 ns, 1.9577 ms/op
WorkloadActual   7: 512 op, 988592200.00 ns, 1.9308 ms/op
WorkloadActual   8: 512 op, 1075636300.00 ns, 2.1009 ms/op
WorkloadActual   9: 512 op, 1088317400.00 ns, 2.1256 ms/op
WorkloadActual  10: 512 op, 1194573500.00 ns, 2.3332 ms/op
WorkloadActual  11: 512 op, 1163157300.00 ns, 2.2718 ms/op
WorkloadActual  12: 512 op, 1172810900.00 ns, 2.2906 ms/op
WorkloadActual  13: 512 op, 1062608300.00 ns, 2.0754 ms/op
WorkloadActual  14: 512 op, 1107990600.00 ns, 2.1640 ms/op
WorkloadActual  15: 512 op, 1092858800.00 ns, 2.1345 ms/op
WorkloadActual  16: 512 op, 1061622000.00 ns, 2.0735 ms/op
WorkloadActual  17: 512 op, 1134823800.00 ns, 2.2165 ms/op
WorkloadActual  18: 512 op, 1061691200.00 ns, 2.0736 ms/op
WorkloadActual  19: 512 op, 1046468500.00 ns, 2.0439 ms/op
WorkloadActual  20: 512 op, 1054604300.00 ns, 2.0598 ms/op
WorkloadActual  21: 512 op, 1260562900.00 ns, 2.4620 ms/op
WorkloadActual  22: 512 op, 1042211200.00 ns, 2.0356 ms/op
WorkloadActual  23: 512 op, 1065230600.00 ns, 2.0805 ms/op
WorkloadActual  24: 512 op, 1066236700.00 ns, 2.0825 ms/op
WorkloadActual  25: 512 op, 1105072500.00 ns, 2.1583 ms/op
WorkloadActual  26: 512 op, 1033673800.00 ns, 2.0189 ms/op
WorkloadActual  27: 512 op, 1029629600.00 ns, 2.0110 ms/op
WorkloadActual  28: 512 op, 1070040000.00 ns, 2.0899 ms/op
WorkloadActual  29: 512 op, 974858800.00 ns, 1.9040 ms/op
WorkloadActual  30: 512 op, 1008698800.00 ns, 1.9701 ms/op
WorkloadActual  31: 512 op, 1093562500.00 ns, 2.1359 ms/op
WorkloadActual  32: 512 op, 1009229600.00 ns, 1.9712 ms/op
WorkloadActual  33: 512 op, 1070909400.00 ns, 2.0916 ms/op
WorkloadActual  34: 512 op, 1066049100.00 ns, 2.0821 ms/op
WorkloadActual  35: 512 op, 1045770500.00 ns, 2.0425 ms/op
WorkloadActual  36: 512 op, 1041463600.00 ns, 2.0341 ms/op
WorkloadActual  37: 512 op, 1046266100.00 ns, 2.0435 ms/op
WorkloadActual  38: 512 op, 1045611900.00 ns, 2.0422 ms/op
WorkloadActual  39: 512 op, 1045967100.00 ns, 2.0429 ms/op
WorkloadActual  40: 512 op, 1061589400.00 ns, 2.0734 ms/op
WorkloadActual  41: 512 op, 1062882500.00 ns, 2.0759 ms/op
WorkloadActual  42: 512 op, 1079847900.00 ns, 2.1091 ms/op
WorkloadActual  43: 512 op, 1016172800.00 ns, 1.9847 ms/op
WorkloadActual  44: 512 op, 1053267200.00 ns, 2.0572 ms/op
WorkloadActual  45: 512 op, 1075940800.00 ns, 2.1014 ms/op
WorkloadActual  46: 512 op, 1041713200.00 ns, 2.0346 ms/op
WorkloadActual  47: 512 op, 1021895400.00 ns, 1.9959 ms/op
WorkloadActual  48: 512 op, 1106322300.00 ns, 2.1608 ms/op
WorkloadActual  49: 512 op, 1068101300.00 ns, 2.0861 ms/op
WorkloadActual  50: 512 op, 1095972600.00 ns, 2.1406 ms/op
WorkloadActual  51: 512 op, 1060605100.00 ns, 2.0715 ms/op
WorkloadActual  52: 512 op, 1062530000.00 ns, 2.0753 ms/op
WorkloadActual  53: 512 op, 1070132400.00 ns, 2.0901 ms/op
WorkloadActual  54: 512 op, 1044917700.00 ns, 2.0409 ms/op
WorkloadActual  55: 512 op, 986360100.00 ns, 1.9265 ms/op
WorkloadActual  56: 512 op, 1085420000.00 ns, 2.1200 ms/op
WorkloadActual  57: 512 op, 1051623400.00 ns, 2.0540 ms/op
WorkloadActual  58: 512 op, 1056811300.00 ns, 2.0641 ms/op
WorkloadActual  59: 512 op, 1083178600.00 ns, 2.1156 ms/op
WorkloadActual  60: 512 op, 1132795600.00 ns, 2.2125 ms/op
WorkloadActual  61: 512 op, 1172729300.00 ns, 2.2905 ms/op
WorkloadActual  62: 512 op, 1070761900.00 ns, 2.0913 ms/op
WorkloadActual  63: 512 op, 1094625700.00 ns, 2.1379 ms/op
WorkloadActual  64: 512 op, 1111116600.00 ns, 2.1701 ms/op
WorkloadActual  65: 512 op, 1068426800.00 ns, 2.0868 ms/op
WorkloadActual  66: 512 op, 1080508800.00 ns, 2.1104 ms/op
WorkloadActual  67: 512 op, 1055905900.00 ns, 2.0623 ms/op
WorkloadActual  68: 512 op, 1051683300.00 ns, 2.0541 ms/op
WorkloadActual  69: 512 op, 1029689400.00 ns, 2.0111 ms/op
WorkloadActual  70: 512 op, 1064228000.00 ns, 2.0786 ms/op
WorkloadActual  71: 512 op, 1081315300.00 ns, 2.1119 ms/op

// AfterActualRun
WorkloadResult   1: 512 op, 934769200.00 ns, 1.8257 ms/op
WorkloadResult   2: 512 op, 940156200.00 ns, 1.8362 ms/op
WorkloadResult   3: 512 op, 914561700.00 ns, 1.7863 ms/op
WorkloadResult   4: 512 op, 934332200.00 ns, 1.8249 ms/op
WorkloadResult   5: 512 op, 872217200.00 ns, 1.7035 ms/op
WorkloadResult   6: 512 op, 1002344000.00 ns, 1.9577 ms/op
WorkloadResult   7: 512 op, 988590600.00 ns, 1.9308 ms/op
WorkloadResult   8: 512 op, 1075634700.00 ns, 2.1008 ms/op
WorkloadResult   9: 512 op, 1088315800.00 ns, 2.1256 ms/op
WorkloadResult  10: 512 op, 1062606700.00 ns, 2.0754 ms/op
WorkloadResult  11: 512 op, 1107989000.00 ns, 2.1640 ms/op
WorkloadResult  12: 512 op, 1092857200.00 ns, 2.1345 ms/op
WorkloadResult  13: 512 op, 1061620400.00 ns, 2.0735 ms/op
WorkloadResult  14: 512 op, 1134822200.00 ns, 2.2164 ms/op
WorkloadResult  15: 512 op, 1061689600.00 ns, 2.0736 ms/op
WorkloadResult  16: 512 op, 1046466900.00 ns, 2.0439 ms/op
WorkloadResult  17: 512 op, 1054602700.00 ns, 2.0598 ms/op
WorkloadResult  18: 512 op, 1042209600.00 ns, 2.0356 ms/op
WorkloadResult  19: 512 op, 1065229000.00 ns, 2.0805 ms/op
WorkloadResult  20: 512 op, 1066235100.00 ns, 2.0825 ms/op
WorkloadResult  21: 512 op, 1105070900.00 ns, 2.1583 ms/op
WorkloadResult  22: 512 op, 1033672200.00 ns, 2.0189 ms/op
WorkloadResult  23: 512 op, 1029628000.00 ns, 2.0110 ms/op
WorkloadResult  24: 512 op, 1070038400.00 ns, 2.0899 ms/op
WorkloadResult  25: 512 op, 974857200.00 ns, 1.9040 ms/op
WorkloadResult  26: 512 op, 1008697200.00 ns, 1.9701 ms/op
WorkloadResult  27: 512 op, 1093560900.00 ns, 2.1359 ms/op
WorkloadResult  28: 512 op, 1009228000.00 ns, 1.9711 ms/op
WorkloadResult  29: 512 op, 1070907800.00 ns, 2.0916 ms/op
WorkloadResult  30: 512 op, 1066047500.00 ns, 2.0821 ms/op
WorkloadResult  31: 512 op, 1045768900.00 ns, 2.0425 ms/op
WorkloadResult  32: 512 op, 1041462000.00 ns, 2.0341 ms/op
WorkloadResult  33: 512 op, 1046264500.00 ns, 2.0435 ms/op
WorkloadResult  34: 512 op, 1045610300.00 ns, 2.0422 ms/op
WorkloadResult  35: 512 op, 1045965500.00 ns, 2.0429 ms/op
WorkloadResult  36: 512 op, 1061587800.00 ns, 2.0734 ms/op
WorkloadResult  37: 512 op, 1062880900.00 ns, 2.0759 ms/op
WorkloadResult  38: 512 op, 1079846300.00 ns, 2.1091 ms/op
WorkloadResult  39: 512 op, 1016171200.00 ns, 1.9847 ms/op
WorkloadResult  40: 512 op, 1053265600.00 ns, 2.0572 ms/op
WorkloadResult  41: 512 op, 1075939200.00 ns, 2.1014 ms/op
WorkloadResult  42: 512 op, 1041711600.00 ns, 2.0346 ms/op
WorkloadResult  43: 512 op, 1021893800.00 ns, 1.9959 ms/op
WorkloadResult  44: 512 op, 1106320700.00 ns, 2.1608 ms/op
WorkloadResult  45: 512 op, 1068099700.00 ns, 2.0861 ms/op
WorkloadResult  46: 512 op, 1095971000.00 ns, 2.1406 ms/op
WorkloadResult  47: 512 op, 1060603500.00 ns, 2.0715 ms/op
WorkloadResult  48: 512 op, 1062528400.00 ns, 2.0753 ms/op
WorkloadResult  49: 512 op, 1070130800.00 ns, 2.0901 ms/op
WorkloadResult  50: 512 op, 1044916100.00 ns, 2.0409 ms/op
WorkloadResult  51: 512 op, 986358500.00 ns, 1.9265 ms/op
WorkloadResult  52: 512 op, 1085418400.00 ns, 2.1200 ms/op
WorkloadResult  53: 512 op, 1051621800.00 ns, 2.0539 ms/op
WorkloadResult  54: 512 op, 1056809700.00 ns, 2.0641 ms/op
WorkloadResult  55: 512 op, 1083177000.00 ns, 2.1156 ms/op
WorkloadResult  56: 512 op, 1132794000.00 ns, 2.2125 ms/op
WorkloadResult  57: 512 op, 1070760300.00 ns, 2.0913 ms/op
WorkloadResult  58: 512 op, 1094624100.00 ns, 2.1379 ms/op
WorkloadResult  59: 512 op, 1111115000.00 ns, 2.1701 ms/op
WorkloadResult  60: 512 op, 1068425200.00 ns, 2.0868 ms/op
WorkloadResult  61: 512 op, 1080507200.00 ns, 2.1104 ms/op
WorkloadResult  62: 512 op, 1055904300.00 ns, 2.0623 ms/op
WorkloadResult  63: 512 op, 1051681700.00 ns, 2.0541 ms/op
WorkloadResult  64: 512 op, 1029687800.00 ns, 2.0111 ms/op
WorkloadResult  65: 512 op, 1064226400.00 ns, 2.0786 ms/op
WorkloadResult  66: 512 op, 1081313700.00 ns, 2.1119 ms/op
// GC:  44 0 0 374194912 512
// Threading:  0 0 512

// AfterAll
// Benchmark Process 53928 has exited with code 0.

Mean = 2.050 ms, StdErr = 0.012 ms (0.58%), N = 66, StdDev = 0.096 ms
Min = 1.704 ms, Q1 = 2.034 ms, Median = 2.073 ms, Q3 = 2.101 ms, Max = 2.216 ms
IQR = 0.067 ms, LowerFence = 1.934 ms, UpperFence = 2.202 ms
ConfidenceInterval = [2.009 ms; 2.091 ms] (CI 99.9%), Margin = 0.041 ms (2.00% of Mean)
Skewness = -1.36, Kurtosis = 5.22, MValue = 2

// ** Remained 2 (33.3%) benchmark(s) to run. Estimated finish 2026-01-02 20:43 (0h 1m from now) **
Setup power plan (GUID: 8c5e7fda-e8bf-4a96-9a85-a6e23a8c635c FriendlyName: High performance)
// **************************
// Benchmark: SqliteBenchmarks.StreamHistoryFirstPageAsync: DefaultJob [ChangeCount=1000000, GroupSize=1000, StorageMode=sqlite]
// *** Execute ***
// Launch: 1 / 1
// Execute: dotnet 73151924-c9b7-462a-8fe4-d469131c758a.dll --anonymousPipes 948 1812 --benchmarkName "Changelog.Benchmarks.SqliteBenchmarks.StreamHistoryFirstPageAsync(ChangeCount: 1000000, GroupSize: 1000, StorageMode: \"sqlite\")" --job Default --benchmarkId 4 in C:\Programming\projects\arcmantle\weave\packages\core\changelog\changelog-net\Changelog.Benchmarks\bin\Release\net10.0\73151924-c9b7-462a-8fe4-d469131c758a\bin\Release\net10.0
// BeforeAnythingElse

// Benchmark Process Environment Information:
// BenchmarkDotNet v0.14.0
// Runtime=.NET 10.0.1 (10.0.125.57005), X64 RyuJIT AVX2
// GC=Concurrent Workstation
// HardwareIntrinsics=AVX2,AES,BMI1,BMI2,FMA,LZCNT,PCLMUL,POPCNT VectorSize=256
// Job: DefaultJob

Dataset generation complete in 8.9s
OverheadJitting  1: 1 op, 325600.00 ns, 325.6000 us/op
WorkloadJitting  1: 1 op, 18051100.00 ns, 18.0511 ms/op

OverheadJitting  2: 16 op, 433900.00 ns, 27.1188 us/op
WorkloadJitting  2: 16 op, 88325600.00 ns, 5.5204 ms/op

WorkloadPilot    1: 16 op, 86529300.00 ns, 5.4081 ms/op
WorkloadPilot    2: 32 op, 189073600.00 ns, 5.9086 ms/op
WorkloadPilot    3: 64 op, 384748000.00 ns, 6.0117 ms/op
WorkloadPilot    4: 128 op, 323035600.00 ns, 2.5237 ms/op
WorkloadPilot    5: 256 op, 507686500.00 ns, 1.9832 ms/op

OverheadWarmup   1: 256 op, 3400.00 ns, 13.2813 ns/op
OverheadWarmup   2: 256 op, 1000.00 ns, 3.9063 ns/op
OverheadWarmup   3: 256 op, 900.00 ns, 3.5156 ns/op
OverheadWarmup   4: 256 op, 1200.00 ns, 4.6875 ns/op
OverheadWarmup   5: 256 op, 1200.00 ns, 4.6875 ns/op
OverheadWarmup   6: 256 op, 1000.00 ns, 3.9063 ns/op
OverheadWarmup   7: 256 op, 1100.00 ns, 4.2969 ns/op

OverheadActual   1: 256 op, 2000.00 ns, 7.8125 ns/op
OverheadActual   2: 256 op, 900.00 ns, 3.5156 ns/op
OverheadActual   3: 256 op, 1400.00 ns, 5.4688 ns/op
OverheadActual   4: 256 op, 900.00 ns, 3.5156 ns/op
OverheadActual   5: 256 op, 1100.00 ns, 4.2969 ns/op
OverheadActual   6: 256 op, 1700.00 ns, 6.6406 ns/op
OverheadActual   7: 256 op, 1100.00 ns, 4.2969 ns/op
OverheadActual   8: 256 op, 1100.00 ns, 4.2969 ns/op
OverheadActual   9: 256 op, 1400.00 ns, 5.4688 ns/op
OverheadActual  10: 256 op, 900.00 ns, 3.5156 ns/op
OverheadActual  11: 256 op, 1400.00 ns, 5.4688 ns/op
OverheadActual  12: 256 op, 1000.00 ns, 3.9063 ns/op
OverheadActual  13: 256 op, 1100.00 ns, 4.2969 ns/op
OverheadActual  14: 256 op, 1600.00 ns, 6.2500 ns/op
OverheadActual  15: 256 op, 1100.00 ns, 4.2969 ns/op
OverheadActual  16: 256 op, 1000.00 ns, 3.9063 ns/op
OverheadActual  17: 256 op, 1100.00 ns, 4.2969 ns/op
OverheadActual  18: 256 op, 1200.00 ns, 4.6875 ns/op
OverheadActual  19: 256 op, 2800.00 ns, 10.9375 ns/op
OverheadActual  20: 256 op, 2500.00 ns, 9.7656 ns/op

WorkloadWarmup   1: 256 op, 536851200.00 ns, 2.0971 ms/op
WorkloadWarmup   2: 256 op, 525397500.00 ns, 2.0523 ms/op
WorkloadWarmup   3: 256 op, 553850100.00 ns, 2.1635 ms/op
WorkloadWarmup   4: 256 op, 572966000.00 ns, 2.2381 ms/op
WorkloadWarmup   5: 256 op, 497343700.00 ns, 1.9427 ms/op
WorkloadWarmup   6: 256 op, 571168500.00 ns, 2.2311 ms/op
WorkloadWarmup   7: 256 op, 545796500.00 ns, 2.1320 ms/op

// BeforeActualRun
WorkloadActual   1: 256 op, 560927900.00 ns, 2.1911 ms/op
WorkloadActual   2: 256 op, 571751700.00 ns, 2.2334 ms/op
WorkloadActual   3: 256 op, 491561400.00 ns, 1.9202 ms/op
WorkloadActual   4: 256 op, 551168800.00 ns, 2.1530 ms/op
WorkloadActual   5: 256 op, 570952500.00 ns, 2.2303 ms/op
WorkloadActual   6: 256 op, 488005500.00 ns, 1.9063 ms/op
WorkloadActual   7: 256 op, 559506000.00 ns, 2.1856 ms/op
WorkloadActual   8: 256 op, 501119900.00 ns, 1.9575 ms/op
WorkloadActual   9: 256 op, 503250600.00 ns, 1.9658 ms/op
WorkloadActual  10: 256 op, 538948600.00 ns, 2.1053 ms/op
WorkloadActual  11: 256 op, 521454200.00 ns, 2.0369 ms/op
WorkloadActual  12: 256 op, 544397500.00 ns, 2.1266 ms/op
WorkloadActual  13: 256 op, 477435300.00 ns, 1.8650 ms/op
WorkloadActual  14: 256 op, 519082300.00 ns, 2.0277 ms/op
WorkloadActual  15: 256 op, 503316100.00 ns, 1.9661 ms/op
WorkloadActual  16: 256 op, 482228400.00 ns, 1.8837 ms/op
WorkloadActual  17: 256 op, 545813000.00 ns, 2.1321 ms/op
WorkloadActual  18: 256 op, 496922000.00 ns, 1.9411 ms/op
WorkloadActual  19: 256 op, 489916800.00 ns, 1.9137 ms/op
WorkloadActual  20: 256 op, 538033200.00 ns, 2.1017 ms/op
WorkloadActual  21: 256 op, 477097000.00 ns, 1.8637 ms/op
WorkloadActual  22: 256 op, 552214000.00 ns, 2.1571 ms/op
WorkloadActual  23: 256 op, 487711200.00 ns, 1.9051 ms/op
WorkloadActual  24: 256 op, 527381300.00 ns, 2.0601 ms/op
WorkloadActual  25: 256 op, 532646200.00 ns, 2.0806 ms/op
WorkloadActual  26: 256 op, 478393800.00 ns, 1.8687 ms/op
WorkloadActual  27: 256 op, 509887800.00 ns, 1.9917 ms/op
WorkloadActual  28: 256 op, 511917500.00 ns, 1.9997 ms/op
WorkloadActual  29: 256 op, 495335300.00 ns, 1.9349 ms/op
WorkloadActual  30: 256 op, 549071300.00 ns, 2.1448 ms/op
WorkloadActual  31: 256 op, 500803700.00 ns, 1.9563 ms/op
WorkloadActual  32: 256 op, 544688000.00 ns, 2.1277 ms/op
WorkloadActual  33: 256 op, 534248000.00 ns, 2.0869 ms/op
WorkloadActual  34: 256 op, 488212400.00 ns, 1.9071 ms/op
WorkloadActual  35: 256 op, 509519400.00 ns, 1.9903 ms/op
WorkloadActual  36: 256 op, 472426900.00 ns, 1.8454 ms/op
WorkloadActual  37: 256 op, 490367000.00 ns, 1.9155 ms/op
WorkloadActual  38: 256 op, 561213800.00 ns, 2.1922 ms/op
WorkloadActual  39: 256 op, 508012800.00 ns, 1.9844 ms/op
WorkloadActual  40: 256 op, 496275300.00 ns, 1.9386 ms/op
WorkloadActual  41: 256 op, 585723100.00 ns, 2.2880 ms/op
WorkloadActual  42: 256 op, 521515100.00 ns, 2.0372 ms/op
WorkloadActual  43: 256 op, 529599100.00 ns, 2.0687 ms/op
WorkloadActual  44: 256 op, 477674000.00 ns, 1.8659 ms/op
WorkloadActual  45: 256 op, 530712200.00 ns, 2.0731 ms/op
WorkloadActual  46: 256 op, 517867100.00 ns, 2.0229 ms/op
WorkloadActual  47: 256 op, 496642600.00 ns, 1.9400 ms/op
WorkloadActual  48: 256 op, 503246800.00 ns, 1.9658 ms/op
WorkloadActual  49: 256 op, 552726700.00 ns, 2.1591 ms/op
WorkloadActual  50: 256 op, 591319600.00 ns, 2.3098 ms/op
WorkloadActual  51: 256 op, 626956900.00 ns, 2.4491 ms/op
WorkloadActual  52: 256 op, 611301000.00 ns, 2.3879 ms/op
WorkloadActual  53: 256 op, 599383200.00 ns, 2.3413 ms/op
WorkloadActual  54: 256 op, 621669700.00 ns, 2.4284 ms/op
WorkloadActual  55: 256 op, 531046700.00 ns, 2.0744 ms/op
WorkloadActual  56: 256 op, 580254500.00 ns, 2.2666 ms/op
WorkloadActual  57: 256 op, 560210700.00 ns, 2.1883 ms/op
WorkloadActual  58: 256 op, 544466300.00 ns, 2.1268 ms/op
WorkloadActual  59: 256 op, 563609500.00 ns, 2.2016 ms/op
WorkloadActual  60: 256 op, 549353900.00 ns, 2.1459 ms/op
WorkloadActual  61: 256 op, 566806200.00 ns, 2.2141 ms/op
WorkloadActual  62: 256 op, 514867800.00 ns, 2.0112 ms/op
WorkloadActual  63: 256 op, 551022000.00 ns, 2.1524 ms/op
WorkloadActual  64: 256 op, 516833000.00 ns, 2.0189 ms/op
WorkloadActual  65: 256 op, 564641500.00 ns, 2.2056 ms/op
WorkloadActual  66: 256 op, 533306900.00 ns, 2.0832 ms/op
WorkloadActual  67: 256 op, 550110800.00 ns, 2.1489 ms/op
WorkloadActual  68: 256 op, 547612300.00 ns, 2.1391 ms/op
WorkloadActual  69: 256 op, 514792800.00 ns, 2.0109 ms/op
WorkloadActual  70: 256 op, 528259800.00 ns, 2.0635 ms/op
WorkloadActual  71: 256 op, 475123900.00 ns, 1.8560 ms/op
WorkloadActual  72: 256 op, 541655600.00 ns, 2.1158 ms/op
WorkloadActual  73: 256 op, 530051100.00 ns, 2.0705 ms/op
WorkloadActual  74: 256 op, 490427000.00 ns, 1.9157 ms/op
WorkloadActual  75: 256 op, 491413400.00 ns, 1.9196 ms/op
WorkloadActual  76: 256 op, 529765200.00 ns, 2.0694 ms/op
WorkloadActual  77: 256 op, 518472400.00 ns, 2.0253 ms/op
WorkloadActual  78: 256 op, 471079100.00 ns, 1.8402 ms/op
WorkloadActual  79: 256 op, 544186600.00 ns, 2.1257 ms/op
WorkloadActual  80: 256 op, 450422100.00 ns, 1.7595 ms/op
WorkloadActual  81: 256 op, 431131500.00 ns, 1.6841 ms/op
WorkloadActual  82: 256 op, 558536400.00 ns, 2.1818 ms/op
WorkloadActual  83: 256 op, 581758400.00 ns, 2.2725 ms/op
WorkloadActual  84: 256 op, 473412100.00 ns, 1.8493 ms/op
WorkloadActual  85: 256 op, 535583300.00 ns, 2.0921 ms/op
WorkloadActual  86: 256 op, 558805000.00 ns, 2.1828 ms/op
WorkloadActual  87: 256 op, 434237400.00 ns, 1.6962 ms/op
WorkloadActual  88: 256 op, 423775800.00 ns, 1.6554 ms/op
WorkloadActual  89: 256 op, 422080400.00 ns, 1.6488 ms/op
WorkloadActual  90: 256 op, 444069200.00 ns, 1.7346 ms/op
WorkloadActual  91: 256 op, 528512300.00 ns, 2.0645 ms/op
WorkloadActual  92: 256 op, 428741200.00 ns, 1.6748 ms/op
WorkloadActual  93: 256 op, 421054200.00 ns, 1.6447 ms/op
WorkloadActual  94: 256 op, 421454300.00 ns, 1.6463 ms/op
WorkloadActual  95: 256 op, 463923800.00 ns, 1.8122 ms/op
WorkloadActual  96: 256 op, 493218100.00 ns, 1.9266 ms/op
WorkloadActual  97: 256 op, 424232500.00 ns, 1.6572 ms/op
WorkloadActual  98: 256 op, 445880200.00 ns, 1.7417 ms/op
WorkloadActual  99: 256 op, 516431300.00 ns, 2.0173 ms/op
WorkloadActual  100: 256 op, 474105200.00 ns, 1.8520 ms/op

// AfterActualRun
WorkloadResult   1: 256 op, 560926800.00 ns, 2.1911 ms/op
WorkloadResult   2: 256 op, 571750600.00 ns, 2.2334 ms/op
WorkloadResult   3: 256 op, 491560300.00 ns, 1.9202 ms/op
WorkloadResult   4: 256 op, 551167700.00 ns, 2.1530 ms/op
WorkloadResult   5: 256 op, 570951400.00 ns, 2.2303 ms/op
WorkloadResult   6: 256 op, 488004400.00 ns, 1.9063 ms/op
WorkloadResult   7: 256 op, 559504900.00 ns, 2.1856 ms/op
WorkloadResult   8: 256 op, 501118800.00 ns, 1.9575 ms/op
WorkloadResult   9: 256 op, 503249500.00 ns, 1.9658 ms/op
WorkloadResult  10: 256 op, 538947500.00 ns, 2.1053 ms/op
WorkloadResult  11: 256 op, 521453100.00 ns, 2.0369 ms/op
WorkloadResult  12: 256 op, 544396400.00 ns, 2.1265 ms/op
WorkloadResult  13: 256 op, 477434200.00 ns, 1.8650 ms/op
WorkloadResult  14: 256 op, 519081200.00 ns, 2.0277 ms/op
WorkloadResult  15: 256 op, 503315000.00 ns, 1.9661 ms/op
WorkloadResult  16: 256 op, 482227300.00 ns, 1.8837 ms/op
WorkloadResult  17: 256 op, 545811900.00 ns, 2.1321 ms/op
WorkloadResult  18: 256 op, 496920900.00 ns, 1.9411 ms/op
WorkloadResult  19: 256 op, 489915700.00 ns, 1.9137 ms/op
WorkloadResult  20: 256 op, 538032100.00 ns, 2.1017 ms/op
WorkloadResult  21: 256 op, 477095900.00 ns, 1.8637 ms/op
WorkloadResult  22: 256 op, 552212900.00 ns, 2.1571 ms/op
WorkloadResult  23: 256 op, 487710100.00 ns, 1.9051 ms/op
WorkloadResult  24: 256 op, 527380200.00 ns, 2.0601 ms/op
WorkloadResult  25: 256 op, 532645100.00 ns, 2.0806 ms/op
WorkloadResult  26: 256 op, 478392700.00 ns, 1.8687 ms/op
WorkloadResult  27: 256 op, 509886700.00 ns, 1.9917 ms/op
WorkloadResult  28: 256 op, 511916400.00 ns, 1.9997 ms/op
WorkloadResult  29: 256 op, 495334200.00 ns, 1.9349 ms/op
WorkloadResult  30: 256 op, 549070200.00 ns, 2.1448 ms/op
WorkloadResult  31: 256 op, 500802600.00 ns, 1.9563 ms/op
WorkloadResult  32: 256 op, 544686900.00 ns, 2.1277 ms/op
WorkloadResult  33: 256 op, 534246900.00 ns, 2.0869 ms/op
WorkloadResult  34: 256 op, 488211300.00 ns, 1.9071 ms/op
WorkloadResult  35: 256 op, 509518300.00 ns, 1.9903 ms/op
WorkloadResult  36: 256 op, 472425800.00 ns, 1.8454 ms/op
WorkloadResult  37: 256 op, 490365900.00 ns, 1.9155 ms/op
WorkloadResult  38: 256 op, 561212700.00 ns, 2.1922 ms/op
WorkloadResult  39: 256 op, 508011700.00 ns, 1.9844 ms/op
WorkloadResult  40: 256 op, 496274200.00 ns, 1.9386 ms/op
WorkloadResult  41: 256 op, 585722000.00 ns, 2.2880 ms/op
WorkloadResult  42: 256 op, 521514000.00 ns, 2.0372 ms/op
WorkloadResult  43: 256 op, 529598000.00 ns, 2.0687 ms/op
WorkloadResult  44: 256 op, 477672900.00 ns, 1.8659 ms/op
WorkloadResult  45: 256 op, 530711100.00 ns, 2.0731 ms/op
WorkloadResult  46: 256 op, 517866000.00 ns, 2.0229 ms/op
WorkloadResult  47: 256 op, 496641500.00 ns, 1.9400 ms/op
WorkloadResult  48: 256 op, 503245700.00 ns, 1.9658 ms/op
WorkloadResult  49: 256 op, 552725600.00 ns, 2.1591 ms/op
WorkloadResult  50: 256 op, 591318500.00 ns, 2.3098 ms/op
WorkloadResult  51: 256 op, 626955800.00 ns, 2.4490 ms/op
WorkloadResult  52: 256 op, 611299900.00 ns, 2.3879 ms/op
WorkloadResult  53: 256 op, 599382100.00 ns, 2.3413 ms/op
WorkloadResult  54: 256 op, 621668600.00 ns, 2.4284 ms/op
WorkloadResult  55: 256 op, 531045600.00 ns, 2.0744 ms/op
WorkloadResult  56: 256 op, 580253400.00 ns, 2.2666 ms/op
WorkloadResult  57: 256 op, 560209600.00 ns, 2.1883 ms/op
WorkloadResult  58: 256 op, 544465200.00 ns, 2.1268 ms/op
WorkloadResult  59: 256 op, 563608400.00 ns, 2.2016 ms/op
WorkloadResult  60: 256 op, 549352800.00 ns, 2.1459 ms/op
WorkloadResult  61: 256 op, 566805100.00 ns, 2.2141 ms/op
WorkloadResult  62: 256 op, 514866700.00 ns, 2.0112 ms/op
WorkloadResult  63: 256 op, 551020900.00 ns, 2.1524 ms/op
WorkloadResult  64: 256 op, 516831900.00 ns, 2.0189 ms/op
WorkloadResult  65: 256 op, 564640400.00 ns, 2.2056 ms/op
WorkloadResult  66: 256 op, 533305800.00 ns, 2.0832 ms/op
WorkloadResult  67: 256 op, 550109700.00 ns, 2.1489 ms/op
WorkloadResult  68: 256 op, 547611200.00 ns, 2.1391 ms/op
WorkloadResult  69: 256 op, 514791700.00 ns, 2.0109 ms/op
WorkloadResult  70: 256 op, 528258700.00 ns, 2.0635 ms/op
WorkloadResult  71: 256 op, 475122800.00 ns, 1.8559 ms/op
WorkloadResult  72: 256 op, 541654500.00 ns, 2.1158 ms/op
WorkloadResult  73: 256 op, 530050000.00 ns, 2.0705 ms/op
WorkloadResult  74: 256 op, 490425900.00 ns, 1.9157 ms/op
WorkloadResult  75: 256 op, 491412300.00 ns, 1.9196 ms/op
WorkloadResult  76: 256 op, 529764100.00 ns, 2.0694 ms/op
WorkloadResult  77: 256 op, 518471300.00 ns, 2.0253 ms/op
WorkloadResult  78: 256 op, 471078000.00 ns, 1.8401 ms/op
WorkloadResult  79: 256 op, 544185500.00 ns, 2.1257 ms/op
WorkloadResult  80: 256 op, 450421000.00 ns, 1.7595 ms/op
WorkloadResult  81: 256 op, 431130400.00 ns, 1.6841 ms/op
WorkloadResult  82: 256 op, 558535300.00 ns, 2.1818 ms/op
WorkloadResult  83: 256 op, 581757300.00 ns, 2.2725 ms/op
WorkloadResult  84: 256 op, 473411000.00 ns, 1.8493 ms/op
WorkloadResult  85: 256 op, 535582200.00 ns, 2.0921 ms/op
WorkloadResult  86: 256 op, 558803900.00 ns, 2.1828 ms/op
WorkloadResult  87: 256 op, 434236300.00 ns, 1.6962 ms/op
WorkloadResult  88: 256 op, 423774700.00 ns, 1.6554 ms/op
WorkloadResult  89: 256 op, 422079300.00 ns, 1.6487 ms/op
WorkloadResult  90: 256 op, 444068100.00 ns, 1.7346 ms/op
WorkloadResult  91: 256 op, 528511200.00 ns, 2.0645 ms/op
WorkloadResult  92: 256 op, 428740100.00 ns, 1.6748 ms/op
WorkloadResult  93: 256 op, 421053100.00 ns, 1.6447 ms/op
WorkloadResult  94: 256 op, 421453200.00 ns, 1.6463 ms/op
WorkloadResult  95: 256 op, 463922700.00 ns, 1.8122 ms/op
WorkloadResult  96: 256 op, 493217000.00 ns, 1.9266 ms/op
WorkloadResult  97: 256 op, 424231400.00 ns, 1.6572 ms/op
WorkloadResult  98: 256 op, 445879100.00 ns, 1.7417 ms/op
WorkloadResult  99: 256 op, 516430200.00 ns, 2.0173 ms/op
WorkloadResult  100: 256 op, 474104100.00 ns, 1.8520 ms/op
// GC:  22 0 0 187097152 256
// Threading:  0 0 256

// AfterAll
// Benchmark Process 59988 has exited with code 0.

Mean = 2.019 ms, StdErr = 0.018 ms (0.89%), N = 100, StdDev = 0.179 ms
Min = 1.645 ms, Q1 = 1.912 ms, Median = 2.026 ms, Q3 = 2.145 ms, Max = 2.449 ms
IQR = 0.233 ms, LowerFence = 1.563 ms, UpperFence = 2.495 ms
ConfidenceInterval = [1.958 ms; 2.080 ms] (CI 99.9%), Margin = 0.061 ms (3.01% of Mean)
Skewness = -0.15, Kurtosis = 2.75, MValue = 2.93

// ** Remained 1 (16.7%) benchmark(s) to run. Estimated finish 2026-01-02 20:44 (0h 0m from now) **
Setup power plan (GUID: 8c5e7fda-e8bf-4a96-9a85-a6e23a8c635c FriendlyName: High performance)
// **************************
// Benchmark: SqliteBenchmarks.StreamHistoryFirstPageAsync: DefaultJob [ChangeCount=1000000, GroupSize=1000, StorageMode=sqlite+cache]
// *** Execute ***
// Launch: 1 / 1
// Execute: dotnet 73151924-c9b7-462a-8fe4-d469131c758a.dll --anonymousPipes 1908 1912 --benchmarkName "Changelog.Benchmarks.SqliteBenchmarks.StreamHistoryFirstPageAsync(ChangeCount: 1000000, GroupSize: 1000, StorageMode: \"sqlite+cache\")" --job Default --benchmarkId 5 in C:\Programming\projects\arcmantle\weave\packages\core\changelog\changelog-net\Changelog.Benchmarks\bin\Release\net10.0\73151924-c9b7-462a-8fe4-d469131c758a\bin\Release\net10.0
// BeforeAnythingElse

// Benchmark Process Environment Information:
// BenchmarkDotNet v0.14.0
// Runtime=.NET 10.0.1 (10.0.125.57005), X64 RyuJIT AVX2
// GC=Concurrent Workstation
// HardwareIntrinsics=AVX2,AES,BMI1,BMI2,FMA,LZCNT,PCLMUL,POPCNT VectorSize=256
// Job: DefaultJob

OverheadJitting  1: 1 op, 238600.00 ns, 238.6000 us/op
WorkloadJitting  1: 1 op, 34787500.00 ns, 34.7875 ms/op

WorkloadPilot    1: 2 op, 9164000.00 ns, 4.5820 ms/op
WorkloadPilot    2: 3 op, 14153200.00 ns, 4.7177 ms/op
WorkloadPilot    3: 4 op, 24032500.00 ns, 6.0081 ms/op
WorkloadPilot    4: 5 op, 24622200.00 ns, 4.9244 ms/op
WorkloadPilot    5: 6 op, 27038500.00 ns, 4.5064 ms/op
WorkloadPilot    6: 7 op, 31220600.00 ns, 4.4601 ms/op
WorkloadPilot    7: 8 op, 46650000.00 ns, 5.8313 ms/op
WorkloadPilot    8: 9 op, 53668100.00 ns, 5.9631 ms/op
WorkloadPilot    9: 10 op, 54325500.00 ns, 5.4326 ms/op
WorkloadPilot   10: 11 op, 60381400.00 ns, 5.4892 ms/op
WorkloadPilot   11: 12 op, 64392000.00 ns, 5.3660 ms/op
WorkloadPilot   12: 13 op, 64133000.00 ns, 4.9333 ms/op
WorkloadPilot   13: 14 op, 64984500.00 ns, 4.6418 ms/op
WorkloadPilot   14: 15 op, 52990500.00 ns, 3.5327 ms/op
WorkloadPilot   15: 16 op, 59449600.00 ns, 3.7156 ms/op
WorkloadPilot   16: 32 op, 113667600.00 ns, 3.5521 ms/op
WorkloadPilot   17: 64 op, 145319800.00 ns, 2.2706 ms/op
WorkloadPilot   18: 128 op, 260493900.00 ns, 2.0351 ms/op
WorkloadPilot   19: 256 op, 476020000.00 ns, 1.8595 ms/op
WorkloadPilot   20: 512 op, 855858700.00 ns, 1.6716 ms/op

WorkloadWarmup   1: 512 op, 875120200.00 ns, 1.7092 ms/op
WorkloadWarmup   2: 512 op, 869089900.00 ns, 1.6974 ms/op
WorkloadWarmup   3: 512 op, 868074300.00 ns, 1.6955 ms/op
WorkloadWarmup   4: 512 op, 975461000.00 ns, 1.9052 ms/op
WorkloadWarmup   5: 512 op, 904580000.00 ns, 1.7668 ms/op
WorkloadWarmup   6: 512 op, 873430900.00 ns, 1.7059 ms/op
WorkloadWarmup   7: 512 op, 931012100.00 ns, 1.8184 ms/op
WorkloadWarmup   8: 512 op, 953778900.00 ns, 1.8628 ms/op
WorkloadWarmup   9: 512 op, 865649400.00 ns, 1.6907 ms/op

// BeforeActualRun
WorkloadActual   1: 512 op, 980671700.00 ns, 1.9154 ms/op
WorkloadActual   2: 512 op, 871615800.00 ns, 1.7024 ms/op
WorkloadActual   3: 512 op, 879222400.00 ns, 1.7172 ms/op
WorkloadActual   4: 512 op, 962523700.00 ns, 1.8799 ms/op
WorkloadActual   5: 512 op, 901539700.00 ns, 1.7608 ms/op
WorkloadActual   6: 512 op, 966236000.00 ns, 1.8872 ms/op
WorkloadActual   7: 512 op, 911866000.00 ns, 1.7810 ms/op
WorkloadActual   8: 512 op, 887891300.00 ns, 1.7342 ms/op
WorkloadActual   9: 512 op, 888771400.00 ns, 1.7359 ms/op
WorkloadActual  10: 512 op, 943590100.00 ns, 1.8429 ms/op
WorkloadActual  11: 512 op, 883481800.00 ns, 1.7256 ms/op
WorkloadActual  12: 512 op, 972234100.00 ns, 1.8989 ms/op
WorkloadActual  13: 512 op, 888305100.00 ns, 1.7350 ms/op
WorkloadActual  14: 512 op, 893128600.00 ns, 1.7444 ms/op
WorkloadActual  15: 512 op, 887409800.00 ns, 1.7332 ms/op
WorkloadActual  16: 512 op, 928251300.00 ns, 1.8130 ms/op
WorkloadActual  17: 512 op, 967688300.00 ns, 1.8900 ms/op
WorkloadActual  18: 512 op, 1016378900.00 ns, 1.9851 ms/op
WorkloadActual  19: 512 op, 941395200.00 ns, 1.8387 ms/op
WorkloadActual  20: 512 op, 863531400.00 ns, 1.6866 ms/op
WorkloadActual  21: 512 op, 884072100.00 ns, 1.7267 ms/op
WorkloadActual  22: 512 op, 968659600.00 ns, 1.8919 ms/op
WorkloadActual  23: 512 op, 869651400.00 ns, 1.6985 ms/op
WorkloadActual  24: 512 op, 870982800.00 ns, 1.7011 ms/op
WorkloadActual  25: 512 op, 894645700.00 ns, 1.7474 ms/op
WorkloadActual  26: 512 op, 954191700.00 ns, 1.8637 ms/op
WorkloadActual  27: 512 op, 891783000.00 ns, 1.7418 ms/op
WorkloadActual  28: 512 op, 872365700.00 ns, 1.7038 ms/op
WorkloadActual  29: 512 op, 1045602400.00 ns, 2.0422 ms/op
WorkloadActual  30: 512 op, 875944900.00 ns, 1.7108 ms/op
WorkloadActual  31: 512 op, 895441600.00 ns, 1.7489 ms/op
WorkloadActual  32: 512 op, 875747000.00 ns, 1.7104 ms/op
WorkloadActual  33: 512 op, 959392800.00 ns, 1.8738 ms/op
WorkloadActual  34: 512 op, 859375200.00 ns, 1.6785 ms/op
WorkloadActual  35: 512 op, 878144400.00 ns, 1.7151 ms/op
WorkloadActual  36: 512 op, 877322500.00 ns, 1.7135 ms/op
WorkloadActual  37: 512 op, 1001857500.00 ns, 1.9568 ms/op
WorkloadActual  38: 512 op, 886555000.00 ns, 1.7316 ms/op
WorkloadActual  39: 512 op, 872776700.00 ns, 1.7046 ms/op
WorkloadActual  40: 512 op, 878332800.00 ns, 1.7155 ms/op
WorkloadActual  41: 512 op, 973097100.00 ns, 1.9006 ms/op
WorkloadActual  42: 512 op, 856413000.00 ns, 1.6727 ms/op
WorkloadActual  43: 512 op, 875409500.00 ns, 1.7098 ms/op
WorkloadActual  44: 512 op, 996886000.00 ns, 1.9470 ms/op
WorkloadActual  45: 512 op, 890456300.00 ns, 1.7392 ms/op
WorkloadActual  46: 512 op, 940932800.00 ns, 1.8378 ms/op
WorkloadActual  47: 512 op, 978469900.00 ns, 1.9111 ms/op
WorkloadActual  48: 512 op, 890654100.00 ns, 1.7396 ms/op
WorkloadActual  49: 512 op, 888489500.00 ns, 1.7353 ms/op
WorkloadActual  50: 512 op, 906458900.00 ns, 1.7704 ms/op
WorkloadActual  51: 512 op, 969904100.00 ns, 1.8943 ms/op
WorkloadActual  52: 512 op, 882524800.00 ns, 1.7237 ms/op
WorkloadActual  53: 512 op, 889753500.00 ns, 1.7378 ms/op
WorkloadActual  54: 512 op, 876648100.00 ns, 1.7122 ms/op
WorkloadActual  55: 512 op, 937115500.00 ns, 1.8303 ms/op
WorkloadActual  56: 512 op, 853410100.00 ns, 1.6668 ms/op
WorkloadActual  57: 512 op, 967030900.00 ns, 1.8887 ms/op
WorkloadActual  58: 512 op, 862771300.00 ns, 1.6851 ms/op
WorkloadActual  59: 512 op, 862779100.00 ns, 1.6851 ms/op
WorkloadActual  60: 512 op, 929187500.00 ns, 1.8148 ms/op
WorkloadActual  61: 512 op, 949465700.00 ns, 1.8544 ms/op
WorkloadActual  62: 512 op, 883322500.00 ns, 1.7252 ms/op
WorkloadActual  63: 512 op, 888718200.00 ns, 1.7358 ms/op
WorkloadActual  64: 512 op, 956264500.00 ns, 1.8677 ms/op
WorkloadActual  65: 512 op, 865437500.00 ns, 1.6903 ms/op
WorkloadActual  66: 512 op, 904582600.00 ns, 1.7668 ms/op
WorkloadActual  67: 512 op, 959902600.00 ns, 1.8748 ms/op
WorkloadActual  68: 512 op, 997614300.00 ns, 1.9485 ms/op
WorkloadActual  69: 512 op, 1025460600.00 ns, 2.0029 ms/op
WorkloadActual  70: 512 op, 1088578900.00 ns, 2.1261 ms/op
WorkloadActual  71: 512 op, 910527300.00 ns, 1.7784 ms/op
WorkloadActual  72: 512 op, 1089232000.00 ns, 2.1274 ms/op
WorkloadActual  73: 512 op, 987292800.00 ns, 1.9283 ms/op
WorkloadActual  74: 512 op, 978779900.00 ns, 1.9117 ms/op
WorkloadActual  75: 512 op, 1101056700.00 ns, 2.1505 ms/op
WorkloadActual  76: 512 op, 1108186400.00 ns, 2.1644 ms/op
WorkloadActual  77: 512 op, 1079242000.00 ns, 2.1079 ms/op
WorkloadActual  78: 512 op, 1008669100.00 ns, 1.9701 ms/op
WorkloadActual  79: 512 op, 1091485900.00 ns, 2.1318 ms/op
WorkloadActual  80: 512 op, 1044557900.00 ns, 2.0402 ms/op
WorkloadActual  81: 512 op, 1063382900.00 ns, 2.0769 ms/op
WorkloadActual  82: 512 op, 1093427300.00 ns, 2.1356 ms/op
WorkloadActual  83: 512 op, 1177680400.00 ns, 2.3002 ms/op
WorkloadActual  84: 512 op, 1165451600.00 ns, 2.2763 ms/op
WorkloadActual  85: 512 op, 1025380100.00 ns, 2.0027 ms/op
WorkloadActual  86: 512 op, 979825600.00 ns, 1.9137 ms/op
WorkloadActual  87: 512 op, 1053556600.00 ns, 2.0577 ms/op
WorkloadActual  88: 512 op, 1032304900.00 ns, 2.0162 ms/op
WorkloadActual  89: 512 op, 1059892900.00 ns, 2.0701 ms/op
WorkloadActual  90: 512 op, 1047925000.00 ns, 2.0467 ms/op
WorkloadActual  91: 512 op, 1039176100.00 ns, 2.0296 ms/op
WorkloadActual  92: 512 op, 1084313800.00 ns, 2.1178 ms/op
WorkloadActual  93: 512 op, 1115828000.00 ns, 2.1794 ms/op
WorkloadActual  94: 512 op, 1007702600.00 ns, 1.9682 ms/op
WorkloadActual  95: 512 op, 1107730200.00 ns, 2.1635 ms/op
WorkloadActual  96: 512 op, 1044386600.00 ns, 2.0398 ms/op
WorkloadActual  97: 512 op, 1060121600.00 ns, 2.0706 ms/op
WorkloadActual  98: 512 op, 1008014100.00 ns, 1.9688 ms/op
WorkloadActual  99: 512 op, 1105423000.00 ns, 2.1590 ms/op
WorkloadActual  100: 512 op, 1070514700.00 ns, 2.0908 ms/op

// AfterActualRun
WorkloadResult   1: 512 op, 980671700.00 ns, 1.9154 ms/op
WorkloadResult   2: 512 op, 871615800.00 ns, 1.7024 ms/op
WorkloadResult   3: 512 op, 879222400.00 ns, 1.7172 ms/op
WorkloadResult   4: 512 op, 962523700.00 ns, 1.8799 ms/op
WorkloadResult   5: 512 op, 901539700.00 ns, 1.7608 ms/op
WorkloadResult   6: 512 op, 966236000.00 ns, 1.8872 ms/op
WorkloadResult   7: 512 op, 911866000.00 ns, 1.7810 ms/op
WorkloadResult   8: 512 op, 887891300.00 ns, 1.7342 ms/op
WorkloadResult   9: 512 op, 888771400.00 ns, 1.7359 ms/op
WorkloadResult  10: 512 op, 943590100.00 ns, 1.8429 ms/op
WorkloadResult  11: 512 op, 883481800.00 ns, 1.7256 ms/op
WorkloadResult  12: 512 op, 972234100.00 ns, 1.8989 ms/op
WorkloadResult  13: 512 op, 888305100.00 ns, 1.7350 ms/op
WorkloadResult  14: 512 op, 893128600.00 ns, 1.7444 ms/op
WorkloadResult  15: 512 op, 887409800.00 ns, 1.7332 ms/op
WorkloadResult  16: 512 op, 928251300.00 ns, 1.8130 ms/op
WorkloadResult  17: 512 op, 967688300.00 ns, 1.8900 ms/op
WorkloadResult  18: 512 op, 1016378900.00 ns, 1.9851 ms/op
WorkloadResult  19: 512 op, 941395200.00 ns, 1.8387 ms/op
WorkloadResult  20: 512 op, 863531400.00 ns, 1.6866 ms/op
WorkloadResult  21: 512 op, 884072100.00 ns, 1.7267 ms/op
WorkloadResult  22: 512 op, 968659600.00 ns, 1.8919 ms/op
WorkloadResult  23: 512 op, 869651400.00 ns, 1.6985 ms/op
WorkloadResult  24: 512 op, 870982800.00 ns, 1.7011 ms/op
WorkloadResult  25: 512 op, 894645700.00 ns, 1.7474 ms/op
WorkloadResult  26: 512 op, 954191700.00 ns, 1.8637 ms/op
WorkloadResult  27: 512 op, 891783000.00 ns, 1.7418 ms/op
WorkloadResult  28: 512 op, 872365700.00 ns, 1.7038 ms/op
WorkloadResult  29: 512 op, 1045602400.00 ns, 2.0422 ms/op
WorkloadResult  30: 512 op, 875944900.00 ns, 1.7108 ms/op
WorkloadResult  31: 512 op, 895441600.00 ns, 1.7489 ms/op
WorkloadResult  32: 512 op, 875747000.00 ns, 1.7104 ms/op
WorkloadResult  33: 512 op, 959392800.00 ns, 1.8738 ms/op
WorkloadResult  34: 512 op, 859375200.00 ns, 1.6785 ms/op
WorkloadResult  35: 512 op, 878144400.00 ns, 1.7151 ms/op
WorkloadResult  36: 512 op, 877322500.00 ns, 1.7135 ms/op
WorkloadResult  37: 512 op, 1001857500.00 ns, 1.9568 ms/op
WorkloadResult  38: 512 op, 886555000.00 ns, 1.7316 ms/op
WorkloadResult  39: 512 op, 872776700.00 ns, 1.7046 ms/op
WorkloadResult  40: 512 op, 878332800.00 ns, 1.7155 ms/op
WorkloadResult  41: 512 op, 973097100.00 ns, 1.9006 ms/op
WorkloadResult  42: 512 op, 856413000.00 ns, 1.6727 ms/op
WorkloadResult  43: 512 op, 875409500.00 ns, 1.7098 ms/op
WorkloadResult  44: 512 op, 996886000.00 ns, 1.9470 ms/op
WorkloadResult  45: 512 op, 890456300.00 ns, 1.7392 ms/op
WorkloadResult  46: 512 op, 940932800.00 ns, 1.8378 ms/op
WorkloadResult  47: 512 op, 978469900.00 ns, 1.9111 ms/op
WorkloadResult  48: 512 op, 890654100.00 ns, 1.7396 ms/op
WorkloadResult  49: 512 op, 888489500.00 ns, 1.7353 ms/op
WorkloadResult  50: 512 op, 906458900.00 ns, 1.7704 ms/op
WorkloadResult  51: 512 op, 969904100.00 ns, 1.8943 ms/op
WorkloadResult  52: 512 op, 882524800.00 ns, 1.7237 ms/op
WorkloadResult  53: 512 op, 889753500.00 ns, 1.7378 ms/op
WorkloadResult  54: 512 op, 876648100.00 ns, 1.7122 ms/op
WorkloadResult  55: 512 op, 937115500.00 ns, 1.8303 ms/op
WorkloadResult  56: 512 op, 853410100.00 ns, 1.6668 ms/op
WorkloadResult  57: 512 op, 967030900.00 ns, 1.8887 ms/op
WorkloadResult  58: 512 op, 862771300.00 ns, 1.6851 ms/op
WorkloadResult  59: 512 op, 862779100.00 ns, 1.6851 ms/op
WorkloadResult  60: 512 op, 929187500.00 ns, 1.8148 ms/op
WorkloadResult  61: 512 op, 949465700.00 ns, 1.8544 ms/op
WorkloadResult  62: 512 op, 883322500.00 ns, 1.7252 ms/op
WorkloadResult  63: 512 op, 888718200.00 ns, 1.7358 ms/op
WorkloadResult  64: 512 op, 956264500.00 ns, 1.8677 ms/op
WorkloadResult  65: 512 op, 865437500.00 ns, 1.6903 ms/op
WorkloadResult  66: 512 op, 904582600.00 ns, 1.7668 ms/op
WorkloadResult  67: 512 op, 959902600.00 ns, 1.8748 ms/op
WorkloadResult  68: 512 op, 997614300.00 ns, 1.9485 ms/op
WorkloadResult  69: 512 op, 1025460600.00 ns, 2.0029 ms/op
WorkloadResult  70: 512 op, 1088578900.00 ns, 2.1261 ms/op
WorkloadResult  71: 512 op, 910527300.00 ns, 1.7784 ms/op
WorkloadResult  72: 512 op, 1089232000.00 ns, 2.1274 ms/op
WorkloadResult  73: 512 op, 987292800.00 ns, 1.9283 ms/op
WorkloadResult  74: 512 op, 978779900.00 ns, 1.9117 ms/op
WorkloadResult  75: 512 op, 1101056700.00 ns, 2.1505 ms/op
WorkloadResult  76: 512 op, 1108186400.00 ns, 2.1644 ms/op
WorkloadResult  77: 512 op, 1079242000.00 ns, 2.1079 ms/op
WorkloadResult  78: 512 op, 1008669100.00 ns, 1.9701 ms/op
WorkloadResult  79: 512 op, 1091485900.00 ns, 2.1318 ms/op
WorkloadResult  80: 512 op, 1044557900.00 ns, 2.0402 ms/op
WorkloadResult  81: 512 op, 1063382900.00 ns, 2.0769 ms/op
WorkloadResult  82: 512 op, 1093427300.00 ns, 2.1356 ms/op
WorkloadResult  83: 512 op, 1177680400.00 ns, 2.3002 ms/op
WorkloadResult  84: 512 op, 1165451600.00 ns, 2.2763 ms/op
WorkloadResult  85: 512 op, 1025380100.00 ns, 2.0027 ms/op
WorkloadResult  86: 512 op, 979825600.00 ns, 1.9137 ms/op
WorkloadResult  87: 512 op, 1053556600.00 ns, 2.0577 ms/op
WorkloadResult  88: 512 op, 1032304900.00 ns, 2.0162 ms/op
WorkloadResult  89: 512 op, 1059892900.00 ns, 2.0701 ms/op
WorkloadResult  90: 512 op, 1047925000.00 ns, 2.0467 ms/op
WorkloadResult  91: 512 op, 1039176100.00 ns, 2.0296 ms/op
WorkloadResult  92: 512 op, 1084313800.00 ns, 2.1178 ms/op
WorkloadResult  93: 512 op, 1115828000.00 ns, 2.1794 ms/op
WorkloadResult  94: 512 op, 1007702600.00 ns, 1.9682 ms/op
WorkloadResult  95: 512 op, 1107730200.00 ns, 2.1635 ms/op
WorkloadResult  96: 512 op, 1044386600.00 ns, 2.0398 ms/op
WorkloadResult  97: 512 op, 1060121600.00 ns, 2.0706 ms/op
WorkloadResult  98: 512 op, 1008014100.00 ns, 1.9688 ms/op
WorkloadResult  99: 512 op, 1105423000.00 ns, 2.1590 ms/op
WorkloadResult  100: 512 op, 1070514700.00 ns, 2.0908 ms/op
// GC:  44 0 0 374194912 512
// Threading:  0 0 512

// AfterAll
// Benchmark Process 52640 has exited with code 0.

Mean = 1.876 ms, StdErr = 0.016 ms (0.87%), N = 100, StdDev = 0.163 ms
Min = 1.667 ms, Q1 = 1.733 ms, Median = 1.859 ms, Q3 = 2.003 ms, Max = 2.300 ms
IQR = 0.270 ms, LowerFence = 1.328 ms, UpperFence = 2.408 ms
ConfidenceInterval = [1.820 ms; 1.931 ms] (CI 99.9%), Margin = 0.055 ms (2.95% of Mean)
Skewness = 0.59, Kurtosis = 2.23, MValue = 3.08

// ** Remained 0 (0.0%) benchmark(s) to run. Estimated finish 2026-01-02 20:45 (0h 0m from now) **
Successfully reverted power plan (GUID: 9935e61f-1661-40c5-ae2f-8495027d5d5d FriendlyName: AMD Ryzen™ High Performance)
// ***** BenchmarkRunner: Finish  *****

// * Export *
  BenchmarkDotNet.Artifacts\results\Changelog.Benchmarks.SqliteBenchmarks-report.csv
  BenchmarkDotNet.Artifacts\results\Changelog.Benchmarks.SqliteBenchmarks-report-github.md
  BenchmarkDotNet.Artifacts\results\Changelog.Benchmarks.SqliteBenchmarks-report.html

// * Detailed results *
SqliteBenchmarks.StreamHistoryFirstPageAsync: DefaultJob [ChangeCount=10000, GroupSize=1000, StorageMode=sqlite]
Runtime = .NET 10.0.1 (10.0.125.57005), X64 RyuJIT AVX2; GC = Concurrent Workstation
Mean = 1.684 ms, StdErr = 0.006 ms (0.34%), N = 12, StdDev = 0.020 ms
Min = 1.659 ms, Q1 = 1.673 ms, Median = 1.678 ms, Q3 = 1.696 ms, Max = 1.721 ms
IQR = 0.023 ms, LowerFence = 1.638 ms, UpperFence = 1.731 ms
ConfidenceInterval = [1.659 ms; 1.710 ms] (CI 99.9%), Margin = 0.025 ms (1.51% of Mean)
Skewness = 0.62, Kurtosis = 1.87, MValue = 2
-------------------- Histogram --------------------
[1.653 ms ; 1.697 ms) | @@@@@@@@@
[1.697 ms ; 1.733 ms) | @@@
---------------------------------------------------

SqliteBenchmarks.StreamHistoryFirstPageAsync: DefaultJob [ChangeCount=10000, GroupSize=1000, StorageMode=sqlite+cache]
Runtime = .NET 10.0.1 (10.0.125.57005), X64 RyuJIT AVX2; GC = Concurrent Workstation
Mean = 1.706 ms, StdErr = 0.008 ms (0.45%), N = 13, StdDev = 0.027 ms
Min = 1.680 ms, Q1 = 1.684 ms, Median = 1.699 ms, Q3 = 1.707 ms, Max = 1.765 ms
IQR = 0.023 ms, LowerFence = 1.650 ms, UpperFence = 1.741 ms
ConfidenceInterval = [1.673 ms; 1.739 ms] (CI 99.9%), Margin = 0.033 ms (1.93% of Mean)
Skewness = 1.1, Kurtosis = 2.87, MValue = 2
-------------------- Histogram --------------------
[1.676 ms ; 1.744 ms) | @@@@@@@@@@@
[1.744 ms ; 1.781 ms) | @@
---------------------------------------------------

SqliteBenchmarks.StreamHistoryFirstPageAsync: DefaultJob [ChangeCount=100000, GroupSize=1000, StorageMode=sqlite]
Runtime = .NET 10.0.1 (10.0.125.57005), X64 RyuJIT AVX2; GC = Concurrent Workstation
Mean = 1.785 ms, StdErr = 0.010 ms (0.57%), N = 61, StdDev = 0.080 ms
Min = 1.672 ms, Q1 = 1.725 ms, Median = 1.761 ms, Q3 = 1.827 ms, Max = 2.010 ms
IQR = 0.103 ms, LowerFence = 1.571 ms, UpperFence = 1.981 ms
ConfidenceInterval = [1.750 ms; 1.820 ms] (CI 99.9%), Margin = 0.035 ms (1.97% of Mean)
Skewness = 0.82, Kurtosis = 2.89, MValue = 2
-------------------- Histogram --------------------
[1.646 ms ; 1.700 ms) | @@@@@
[1.700 ms ; 1.753 ms) | @@@@@@@@@@@@@@@@@@@@@@@
[1.753 ms ; 1.829 ms) | @@@@@@@@@@@@@@@@@@
[1.829 ms ; 1.885 ms) | @@@@@@@@
[1.885 ms ; 1.964 ms) | @@@@@@
[1.964 ms ; 2.037 ms) | @
---------------------------------------------------

SqliteBenchmarks.StreamHistoryFirstPageAsync: DefaultJob [ChangeCount=100000, GroupSize=1000, StorageMode=sqlite+cache]
Runtime = .NET 10.0.1 (10.0.125.57005), X64 RyuJIT AVX2; GC = Concurrent Workstation
Mean = 2.050 ms, StdErr = 0.012 ms (0.58%), N = 66, StdDev = 0.096 ms
Min = 1.704 ms, Q1 = 2.034 ms, Median = 2.073 ms, Q3 = 2.101 ms, Max = 2.216 ms
IQR = 0.067 ms, LowerFence = 1.934 ms, UpperFence = 2.202 ms
ConfidenceInterval = [2.009 ms; 2.091 ms] (CI 99.9%), Margin = 0.041 ms (2.00% of Mean)
Skewness = -1.36, Kurtosis = 5.22, MValue = 2
-------------------- Histogram --------------------
[1.672 ms ; 1.735 ms) | @
[1.735 ms ; 1.780 ms) | 
[1.780 ms ; 1.843 ms) | @@@@
[1.843 ms ; 1.886 ms) | 
[1.886 ms ; 1.957 ms) | @@@
[1.957 ms ; 2.032 ms) | @@@@@@@@
[2.032 ms ; 2.094 ms) | @@@@@@@@@@@@@@@@@@@@@@@@@@@@@@@@
[2.094 ms ; 2.162 ms) | @@@@@@@@@@@@@@
[2.162 ms ; 2.222 ms) | @@@@
---------------------------------------------------

SqliteBenchmarks.StreamHistoryFirstPageAsync: DefaultJob [ChangeCount=1000000, GroupSize=1000, StorageMode=sqlite]
Runtime = .NET 10.0.1 (10.0.125.57005), X64 RyuJIT AVX2; GC = Concurrent Workstation
Mean = 2.019 ms, StdErr = 0.018 ms (0.89%), N = 100, StdDev = 0.179 ms
Min = 1.645 ms, Q1 = 1.912 ms, Median = 2.026 ms, Q3 = 2.145 ms, Max = 2.449 ms
IQR = 0.233 ms, LowerFence = 1.563 ms, UpperFence = 2.495 ms
ConfidenceInterval = [1.958 ms; 2.080 ms] (CI 99.9%), Margin = 0.061 ms (3.01% of Mean)
Skewness = -0.15, Kurtosis = 2.75, MValue = 2.93
-------------------- Histogram --------------------
[1.643 ms ; 1.744 ms) | @@@@@@@@@@
[1.744 ms ; 1.840 ms) | @@
[1.840 ms ; 1.941 ms) | @@@@@@@@@@@@@@@@@@@@@@@
[1.941 ms ; 2.059 ms) | @@@@@@@@@@@@@@@@@@
[2.059 ms ; 2.160 ms) | @@@@@@@@@@@@@@@@@@@@@@@@@@@@
[2.160 ms ; 2.278 ms) | @@@@@@@@@@@@@
[2.278 ms ; 2.389 ms) | @@@@
[2.389 ms ; 2.500 ms) | @@
---------------------------------------------------

SqliteBenchmarks.StreamHistoryFirstPageAsync: DefaultJob [ChangeCount=1000000, GroupSize=1000, StorageMode=sqlite+cache]
Runtime = .NET 10.0.1 (10.0.125.57005), X64 RyuJIT AVX2; GC = Concurrent Workstation
Mean = 1.876 ms, StdErr = 0.016 ms (0.87%), N = 100, StdDev = 0.163 ms
Min = 1.667 ms, Q1 = 1.733 ms, Median = 1.859 ms, Q3 = 2.003 ms, Max = 2.300 ms
IQR = 0.270 ms, LowerFence = 1.328 ms, UpperFence = 2.408 ms
ConfidenceInterval = [1.820 ms; 1.931 ms] (CI 99.9%), Margin = 0.055 ms (2.95% of Mean)
Skewness = 0.59, Kurtosis = 2.23, MValue = 3.08
-------------------- Histogram --------------------
[1.621 ms ; 1.678 ms) | @@
[1.678 ms ; 1.771 ms) | @@@@@@@@@@@@@@@@@@@@@@@@@@@@@@@@@@@@@@@
[1.771 ms ; 1.827 ms) | @@@@
[1.827 ms ; 1.942 ms) | @@@@@@@@@@@@@@@@@@@@@@
[1.942 ms ; 2.040 ms) | @@@@@@@@@@@
[2.040 ms ; 2.132 ms) | @@@@@@@@@@@@@@
[2.132 ms ; 2.242 ms) | @@@@@@
[2.242 ms ; 2.346 ms) | @@
---------------------------------------------------

// * Summary *

BenchmarkDotNet v0.14.0, Windows 11 (10.0.26100.7462)
AMD Ryzen 7 3700X, 1 CPU, 16 logical and 8 physical cores
.NET SDK 10.0.101
  [Host]     : .NET 10.0.1 (10.0.125.57005), X64 RyuJIT AVX2
  DefaultJob : .NET 10.0.1 (10.0.125.57005), X64 RyuJIT AVX2


| Method                      | ChangeCount | GroupSize | StorageMode  | Mean     | Error     | StdDev    | Gen0    | Allocated |
|---------------------------- |------------ |---------- |------------- |---------:|----------:|----------:|--------:|----------:|
| StreamHistoryFirstPageAsync | 10000       | 1000      | sqlite       | 1.684 ms | 0.0254 ms | 0.0198 ms | 85.9375 | 713.72 KB |
| StreamHistoryFirstPageAsync | 10000       | 1000      | sqlite+cache | 1.706 ms | 0.0329 ms | 0.0275 ms | 85.9375 | 713.72 KB |
| StreamHistoryFirstPageAsync | 100000      | 1000      | sqlite       | 1.785 ms | 0.0352 ms | 0.0795 ms | 85.9375 | 713.72 KB |
| StreamHistoryFirstPageAsync | 100000      | 1000      | sqlite+cache | 2.050 ms | 0.0409 ms | 0.0965 ms | 85.9375 | 713.72 KB |
| StreamHistoryFirstPageAsync | 1000000     | 1000      | sqlite       | 2.019 ms | 0.0608 ms | 0.1793 ms | 85.9375 | 713.72 KB |
| StreamHistoryFirstPageAsync | 1000000     | 1000      | sqlite+cache | 1.876 ms | 0.0552 ms | 0.1629 ms | 85.9375 | 713.72 KB |

// * Warnings *
MultimodalDistribution
  SqliteBenchmarks.StreamHistoryFirstPageAsync: Default -> It seems that the distribution can have several modes (mValue = 2.93)
  SqliteBenchmarks.StreamHistoryFirstPageAsync: Default -> It seems that the distribution can have several modes (mValue = 3.08)

// * Hints *
Outliers
  SqliteBenchmarks.StreamHistoryFirstPageAsync: Default -> 3 outliers were removed (1.86 ms..1.96 ms)
  SqliteBenchmarks.StreamHistoryFirstPageAsync: Default -> 2 outliers were removed (1.91 ms, 1.93 ms)
  SqliteBenchmarks.StreamHistoryFirstPageAsync: Default -> 2 outliers were removed (2.03 ms, 2.04 ms)
  SqliteBenchmarks.StreamHistoryFirstPageAsync: Default -> 5 outliers were removed, 11 outliers were detected (1.70 ms..1.90 ms, 2.27 ms..2.46 ms)

// * Legends *
  ChangeCount : Value of the 'ChangeCount' parameter
  GroupSize   : Value of the 'GroupSize' parameter
  StorageMode : Value of the 'StorageMode' parameter
  Mean        : Arithmetic mean of all measurements
  Error       : Half of 99.9% confidence interval
  StdDev      : Standard deviation of all measurements
  Gen0        : GC Generation 0 collects per 1000 operations
  Allocated   : Allocated memory per single operation (managed only, inclusive, 1KB = 1024B)
  1 ms        : 1 Millisecond (0.001 sec)

// * Diagnostic Output - MemoryDiagnoser *


// ***** BenchmarkRunner: End *****
Run time: 00:06:21 (381.97 sec), executed benchmarks: 6

Global total time: 00:06:34 (394.84 sec), executed benchmarks: 6
// * Artifacts cleanup *
Artifacts cleanup is finished
