// Validating benchmarks:
// ***** BenchmarkRunner: Start   *****
// ***** Found 6 benchmark(s) in total *****
// ***** Building 1 exe(s) in Parallel: Start   *****
// start dotnet  restore /p:UseSharedCompilation=false /p:BuildInParallel=false /m:1 /p:Deterministic=true /p:Optimize=true /p:IntermediateOutputPath="C:\Programming\projects\arcmantle\weave\packages\core\changelog\changelog-net\Changelog.Benchmarks\bin\Release\net10.0\3e231678-22e0-4ac5-b32b-3d8bfb7f70f8\obj\Release\net10.0/" /p:OutDir="C:\Programming\projects\arcmantle\weave\packages\core\changelog\changelog-net\Changelog.Benchmarks\bin\Release\net10.0\3e231678-22e0-4ac5-b32b-3d8bfb7f70f8\bin\Release\net10.0/" /p:OutputPath="C:\Programming\projects\arcmantle\weave\packages\core\changelog\changelog-net\Changelog.Benchmarks\bin\Release\net10.0\3e231678-22e0-4ac5-b32b-3d8bfb7f70f8\bin\Release\net10.0/" in C:\Programming\projects\arcmantle\weave\packages\core\changelog\changelog-net\Changelog.Benchmarks\bin\Release\net10.0\3e231678-22e0-4ac5-b32b-3d8bfb7f70f8
// command took 2.09 sec and exited with 0
// start dotnet  build -c Release --no-restore /p:UseSharedCompilation=false /p:BuildInParallel=false /m:1 /p:Deterministic=true /p:Optimize=true /p:IntermediateOutputPath="C:\Programming\projects\arcmantle\weave\packages\core\changelog\changelog-net\Changelog.Benchmarks\bin\Release\net10.0\3e231678-22e0-4ac5-b32b-3d8bfb7f70f8\obj\Release\net10.0/" /p:OutDir="C:\Programming\projects\arcmantle\weave\packages\core\changelog\changelog-net\Changelog.Benchmarks\bin\Release\net10.0\3e231678-22e0-4ac5-b32b-3d8bfb7f70f8\bin\Release\net10.0/" /p:OutputPath="C:\Programming\projects\arcmantle\weave\packages\core\changelog\changelog-net\Changelog.Benchmarks\bin\Release\net10.0\3e231678-22e0-4ac5-b32b-3d8bfb7f70f8\bin\Release\net10.0/" --output "C:\Programming\projects\arcmantle\weave\packages\core\changelog\changelog-net\Changelog.Benchmarks\bin\Release\net10.0\3e231678-22e0-4ac5-b32b-3d8bfb7f70f8\bin\Release\net10.0/" in C:\Programming\projects\arcmantle\weave\packages\core\changelog\changelog-net\Changelog.Benchmarks\bin\Release\net10.0\3e231678-22e0-4ac5-b32b-3d8bfb7f70f8
// command took 11.19 sec and exited with 1
// ***** Done, took 00:00:13 (13.36 sec)   *****
// Found 6 benchmarks:
//   SqliteBenchmarks.GetDocumentAsync: DefaultJob [ChangeCount=100000, GroupSize=1000, StorageMode=sqlite]
//   SqliteBenchmarks.GetDocumentColdAsync: Job-HVSEUU(InvocationCount=1, UnrollFactor=1) [ChangeCount=100000, GroupSize=1000, StorageMode=sqlite]
//   SqliteBenchmarks.GetDocumentWarmAsync: Job-HVSEUU(InvocationCount=1, UnrollFactor=1) [ChangeCount=100000, GroupSize=1000, StorageMode=sqlite]
//   SqliteBenchmarks.GetDocumentAsync: DefaultJob [ChangeCount=100000, GroupSize=1000, StorageMode=sqlite+cache]
//   SqliteBenchmarks.GetDocumentColdAsync: Job-HVSEUU(InvocationCount=1, UnrollFactor=1) [ChangeCount=100000, GroupSize=1000, StorageMode=sqlite+cache]
//   SqliteBenchmarks.GetDocumentWarmAsync: Job-HVSEUU(InvocationCount=1, UnrollFactor=1) [ChangeCount=100000, GroupSize=1000, StorageMode=sqlite+cache]

Setup power plan (GUID: 8c5e7fda-e8bf-4a96-9a85-a6e23a8c635c FriendlyName: High performance)
// Build Error: Standard output: 
  
 Standard error: 
   Changelog -> C:\Programming\projects\arcmantle\weave\packages\core\changelog\changelog-net\Changelog.Benchmarks\bin\Release\net10.0\3e231678-22e0-4ac5-b32b-3d8bfb7f70f8\bin\Release\net10.0\Changelog.dll
  Changelog.Benchmarks -> C:\Programming\projects\arcmantle\weave\packages\core\changelog\changelog-net\Changelog.Benchmarks\bin\Release\net10.0\3e231678-22e0-4ac5-b32b-3d8bfb7f70f8\bin\Release\net10.0\Changelog.Benchmarks.dll
C:\Programming\projects\arcmantle\weave\packages\core\changelog\changelog-net\Changelog.Benchmarks\bin\Release\net10.0\3e231678-22e0-4ac5-b32b-3d8bfb7f70f8\3e231678-22e0-4ac5-b32b-3d8bfb7f70f8.notcs(560,36): error CS0407: 'Task SqliteBenchmarks.IterationSetup_GetDocumentWarmAsync()' has the wrong return type [C:\Programming\projects\arcmantle\weave\packages\core\changelog\changelog-net\Changelog.Benchmarks\bin\Release\net10.0\3e231678-22e0-4ac5-b32b-3d8bfb7f70f8\BenchmarkDotNet.Autogenerated.csproj]
C:\Programming\projects\arcmantle\weave\packages\core\changelog\changelog-net\Changelog.Benchmarks\bin\Release\net10.0\3e231678-22e0-4ac5-b32b-3d8bfb7f70f8\3e231678-22e0-4ac5-b32b-3d8bfb7f70f8.notcs(1093,36): error CS0407: 'Task SqliteBenchmarks.IterationSetup_GetDocumentWarmAsync()' has the wrong return type [C:\Programming\projects\arcmantle\weave\packages\core\changelog\changelog-net\Changelog.Benchmarks\bin\Release\net10.0\3e231678-22e0-4ac5-b32b-3d8bfb7f70f8\BenchmarkDotNet.Autogenerated.csproj]
Build FAILED.
C:\Programming\projects\arcmantle\weave\packages\core\changelog\changelog-net\Changelog.Benchmarks\bin\Release\net10.0\3e231678-22e0-4ac5-b32b-3d8bfb7f70f8\3e231678-22e0-4ac5-b32b-3d8bfb7f70f8.notcs(560,36): error CS0407: 'Task SqliteBenchmarks.IterationSetup_GetDocumentWarmAsync()' has the wrong return type [C:\Programming\projects\arcmantle\weave\packages\core\changelog\changelog-net\Changelog.Benchmarks\bin\Release\net10.0\3e231678-22e0-4ac5-b32b-3d8bfb7f70f8\BenchmarkDotNet.Autogenerated.csproj]
C:\Programming\projects\arcmantle\weave\packages\core\changelog\changelog-net\Changelog.Benchmarks\bin\Release\net10.0\3e231678-22e0-4ac5-b32b-3d8bfb7f70f8\3e231678-22e0-4ac5-b32b-3d8bfb7f70f8.notcs(1093,36): error CS0407: 'Task SqliteBenchmarks.IterationSetup_GetDocumentWarmAsync()' has the wrong return type [C:\Programming\projects\arcmantle\weave\packages\core\changelog\changelog-net\Changelog.Benchmarks\bin\Release\net10.0\3e231678-22e0-4ac5-b32b-3d8bfb7f70f8\BenchmarkDotNet.Autogenerated.csproj]
    0 Warning(s)
    2 Error(s)
Time Elapsed 00:00:10.78

// BenchmarkDotNet has failed to build the auto-generated boilerplate code.
// It can be found in C:\Programming\projects\arcmantle\weave\packages\core\changelog\changelog-net\Changelog.Benchmarks\bin\Release\net10.0\3e231678-22e0-4ac5-b32b-3d8bfb7f70f8
// Please follow the troubleshooting guide: https://benchmarkdotnet.org/articles/guides/troubleshooting.html

// ** Remained 0 (0.0%) benchmark(s) to run. Estimated finish 2026-01-02 21:19 (0h 0m from now) **
Successfully reverted power plan (GUID: 9935e61f-1661-40c5-ae2f-8495027d5d5d FriendlyName: AMD Ryzen™ High Performance)
// ***** BenchmarkRunner: Finish  *****

// * Export *
  BenchmarkDotNet.Artifacts\results\Changelog.Benchmarks.SqliteBenchmarks-report.csv
  BenchmarkDotNet.Artifacts\results\Changelog.Benchmarks.SqliteBenchmarks-report-github.md
  BenchmarkDotNet.Artifacts\results\Changelog.Benchmarks.SqliteBenchmarks-report.html

// * Detailed results *
SqliteBenchmarks.GetDocumentAsync: DefaultJob [ChangeCount=100000, GroupSize=1000, StorageMode=sqlite]
Runtime = ; GC = 
There are not any results runs

// * Summary *

BenchmarkDotNet v0.14.0, Windows 11 (10.0.26100.7462)
AMD Ryzen 7 3700X, 1 CPU, 16 logical and 8 physical cores
.NET SDK 10.0.101
  [Host] : .NET 10.0.1 (10.0.125.57005), X64 RyuJIT AVX2


| Method           | ChangeCount | GroupSize | StorageMode | Mean | Error |
|----------------- |------------ |---------- |------------ |-----:|------:|
| GetDocumentAsync | 100000      | 1000      | sqlite      |   NA |    NA |

Benchmarks with issues:
  SqliteBenchmarks.GetDocumentAsync: DefaultJob [ChangeCount=100000, GroupSize=1000, StorageMode=sqlite]

// * Legends *
  ChangeCount : Value of the 'ChangeCount' parameter
  GroupSize   : Value of the 'GroupSize' parameter
  StorageMode : Value of the 'StorageMode' parameter
  Mean        : Arithmetic mean of all measurements
  Error       : Half of 99.9% confidence interval
  1 ns        : 1 Nanosecond (0.000000001 sec)

// * Diagnostic Output - MemoryDiagnoser *


// ***** BenchmarkRunner: End *****
Run time: 00:00:00 (0.69 sec), executed benchmarks: 0

Global total time: 00:00:14 (14.41 sec), executed benchmarks: 0
// * Artifacts cleanup *
Artifacts cleanup is finished
