// Validating benchmarks:
// ***** BenchmarkRunner: Start   *****
// ***** Found 2 benchmark(s) in total *****
// ***** Building 1 exe(s) in Parallel: Start   *****
// start dotnet  restore /p:UseSharedCompilation=false /p:BuildInParallel=false /m:1 /p:Deterministic=true /p:Optimize=true /p:IntermediateOutputPath="C:\Programming\projects\arcmantle\weave\packages\core\changelog\changelog-net\Changelog.Benchmarks\bin\Release\net10.0\62a585b1-7bac-40e5-b16c-536599a7dfeb\obj\Release\net10.0/" /p:OutDir="C:\Programming\projects\arcmantle\weave\packages\core\changelog\changelog-net\Changelog.Benchmarks\bin\Release\net10.0\62a585b1-7bac-40e5-b16c-536599a7dfeb\bin\Release\net10.0/" /p:OutputPath="C:\Programming\projects\arcmantle\weave\packages\core\changelog\changelog-net\Changelog.Benchmarks\bin\Release\net10.0\62a585b1-7bac-40e5-b16c-536599a7dfeb\bin\Release\net10.0/" in C:\Programming\projects\arcmantle\weave\packages\core\changelog\changelog-net\Changelog.Benchmarks\bin\Release\net10.0\62a585b1-7bac-40e5-b16c-536599a7dfeb
// command took 2.26 sec and exited with 0
// start dotnet  build -c Release --no-restore /p:UseSharedCompilation=false /p:BuildInParallel=false /m:1 /p:Deterministic=true /p:Optimize=true /p:IntermediateOutputPath="C:\Programming\projects\arcmantle\weave\packages\core\changelog\changelog-net\Changelog.Benchmarks\bin\Release\net10.0\62a585b1-7bac-40e5-b16c-536599a7dfeb\obj\Release\net10.0/" /p:OutDir="C:\Programming\projects\arcmantle\weave\packages\core\changelog\changelog-net\Changelog.Benchmarks\bin\Release\net10.0\62a585b1-7bac-40e5-b16c-536599a7dfeb\bin\Release\net10.0/" /p:OutputPath="C:\Programming\projects\arcmantle\weave\packages\core\changelog\changelog-net\Changelog.Benchmarks\bin\Release\net10.0\62a585b1-7bac-40e5-b16c-536599a7dfeb\bin\Release\net10.0/" --output "C:\Programming\projects\arcmantle\weave\packages\core\changelog\changelog-net\Changelog.Benchmarks\bin\Release\net10.0\62a585b1-7bac-40e5-b16c-536599a7dfeb\bin\Release\net10.0/" in C:\Programming\projects\arcmantle\weave\packages\core\changelog\changelog-net\Changelog.Benchmarks\bin\Release\net10.0\62a585b1-7bac-40e5-b16c-536599a7dfeb
// command took 10.68 sec and exited with 0
// ***** Done, took 00:00:13 (13.03 sec)   *****
// Found 2 benchmarks:
//   SqliteBenchmarks.ConcurrentReadWriteAsync: DefaultJob [ChangeCount=100000, GroupSize=1000, StorageMode=sqlite]
//   SqliteBenchmarks.ConcurrentReadWriteAsync: DefaultJob [ChangeCount=100000, GroupSize=1000, StorageMode=sqlite+cache]

Setup power plan (GUID: 8c5e7fda-e8bf-4a96-9a85-a6e23a8c635c FriendlyName: High performance)
// **************************
// Benchmark: SqliteBenchmarks.ConcurrentReadWriteAsync: DefaultJob [ChangeCount=100000, GroupSize=1000, StorageMode=sqlite]
// *** Execute ***
// Launch: 1 / 1
// Execute: dotnet 62a585b1-7bac-40e5-b16c-536599a7dfeb.dll --anonymousPipes 1396 1576 --benchmarkName "Changelog.Benchmarks.SqliteBenchmarks.ConcurrentReadWriteAsync(ChangeCount: 100000, GroupSize: 1000, StorageMode: \"sqlite\")" --job Default --benchmarkId 0 in C:\Programming\projects\arcmantle\weave\packages\core\changelog\changelog-net\Changelog.Benchmarks\bin\Release\net10.0\62a585b1-7bac-40e5-b16c-536599a7dfeb\bin\Release\net10.0
// BeforeAnythingElse

// Benchmark Process Environment Information:
// BenchmarkDotNet v0.14.0
// Runtime=.NET 10.0.1 (10.0.125.57005), X64 RyuJIT AVX2
// GC=Concurrent Workstation
// HardwareIntrinsics=AVX2,AES,BMI1,BMI2,FMA,LZCNT,PCLMUL,POPCNT VectorSize=256
// Job: DefaultJob

Dataset generation complete in 1.1s
OverheadJitting  1: 4608 op, 299700.00 ns, 65.0391 ns/op
WorkloadJitting  1: 4608 op, 11016267000.00 ns, 2.3907 ms/op

WorkloadWarmup   1: 4608 op, 11686898200.00 ns, 2.5362 ms/op
WorkloadWarmup   2: 4608 op, 11491096000.00 ns, 2.4937 ms/op
WorkloadWarmup   3: 4608 op, 11064975000.00 ns, 2.4013 ms/op
WorkloadWarmup   4: 4608 op, 11016430200.00 ns, 2.3907 ms/op
WorkloadWarmup   5: 4608 op, 10848912400.00 ns, 2.3544 ms/op
WorkloadWarmup   6: 4608 op, 11076929900.00 ns, 2.4038 ms/op
WorkloadWarmup   7: 4608 op, 11149163600.00 ns, 2.4195 ms/op
WorkloadWarmup   8: 4608 op, 11034044900.00 ns, 2.3945 ms/op
WorkloadWarmup   9: 4608 op, 11436625000.00 ns, 2.4819 ms/op
WorkloadWarmup  10: 4608 op, 11204895900.00 ns, 2.4316 ms/op

// BeforeActualRun
WorkloadActual   1: 4608 op, 10898130800.00 ns, 2.3650 ms/op
WorkloadActual   2: 4608 op, 11091575600.00 ns, 2.4070 ms/op
WorkloadActual   3: 4608 op, 10879593200.00 ns, 2.3610 ms/op
WorkloadActual   4: 4608 op, 11110475200.00 ns, 2.4111 ms/op
WorkloadActual   5: 4608 op, 11224324700.00 ns, 2.4358 ms/op
WorkloadActual   6: 4608 op, 10989612500.00 ns, 2.3849 ms/op
WorkloadActual   7: 4608 op, 11094062000.00 ns, 2.4076 ms/op
WorkloadActual   8: 4608 op, 11014577300.00 ns, 2.3903 ms/op
WorkloadActual   9: 4608 op, 10980857300.00 ns, 2.3830 ms/op
WorkloadActual  10: 4608 op, 11324112900.00 ns, 2.4575 ms/op
WorkloadActual  11: 4608 op, 10868053700.00 ns, 2.3585 ms/op
WorkloadActual  12: 4608 op, 10754962200.00 ns, 2.3340 ms/op
WorkloadActual  13: 4608 op, 10849184700.00 ns, 2.3544 ms/op
WorkloadActual  14: 4608 op, 10588872100.00 ns, 2.2979 ms/op
WorkloadActual  15: 4608 op, 10595789200.00 ns, 2.2994 ms/op
WorkloadActual  16: 4608 op, 10748943700.00 ns, 2.3327 ms/op

// AfterActualRun
WorkloadResult   1: 4608 op, 10898130800.00 ns, 2.3650 ms/op
WorkloadResult   2: 4608 op, 11091575600.00 ns, 2.4070 ms/op
WorkloadResult   3: 4608 op, 10879593200.00 ns, 2.3610 ms/op
WorkloadResult   4: 4608 op, 11110475200.00 ns, 2.4111 ms/op
WorkloadResult   5: 4608 op, 11224324700.00 ns, 2.4358 ms/op
WorkloadResult   6: 4608 op, 10989612500.00 ns, 2.3849 ms/op
WorkloadResult   7: 4608 op, 11094062000.00 ns, 2.4076 ms/op
WorkloadResult   8: 4608 op, 11014577300.00 ns, 2.3903 ms/op
WorkloadResult   9: 4608 op, 10980857300.00 ns, 2.3830 ms/op
WorkloadResult  10: 4608 op, 11324112900.00 ns, 2.4575 ms/op
WorkloadResult  11: 4608 op, 10868053700.00 ns, 2.3585 ms/op
WorkloadResult  12: 4608 op, 10754962200.00 ns, 2.3340 ms/op
WorkloadResult  13: 4608 op, 10849184700.00 ns, 2.3544 ms/op
WorkloadResult  14: 4608 op, 10588872100.00 ns, 2.2979 ms/op
WorkloadResult  15: 4608 op, 10595789200.00 ns, 2.2994 ms/op
WorkloadResult  16: 4608 op, 10748943700.00 ns, 2.3327 ms/op
// GC:  1 0 0 13698376 4608
// Threading:  10 0 4608

// AfterAll
// Benchmark Process 14728 has exited with code 0.

Mean = 2.374 ms, StdErr = 0.011 ms (0.47%), N = 16, StdDev = 0.045 ms
Min = 2.298 ms, Q1 = 2.349 ms, Median = 2.374 ms, Q3 = 2.407 ms, Max = 2.457 ms
IQR = 0.058 ms, LowerFence = 2.263 ms, UpperFence = 2.494 ms
ConfidenceInterval = [2.328 ms; 2.420 ms] (CI 99.9%), Margin = 0.046 ms (1.93% of Mean)
Skewness = -0.02, Kurtosis = 2.1, MValue = 2

// ** Remained 1 (50.0%) benchmark(s) to run. Estimated finish 2026-01-02 22:22 (0h 5m from now) **
Setup power plan (GUID: 8c5e7fda-e8bf-4a96-9a85-a6e23a8c635c FriendlyName: High performance)
// **************************
// Benchmark: SqliteBenchmarks.ConcurrentReadWriteAsync: DefaultJob [ChangeCount=100000, GroupSize=1000, StorageMode=sqlite+cache]
// *** Execute ***
// Launch: 1 / 1
// Execute: dotnet 62a585b1-7bac-40e5-b16c-536599a7dfeb.dll --anonymousPipes 1852 1848 --benchmarkName "Changelog.Benchmarks.SqliteBenchmarks.ConcurrentReadWriteAsync(ChangeCount: 100000, GroupSize: 1000, StorageMode: \"sqlite+cache\")" --job Default --benchmarkId 1 in C:\Programming\projects\arcmantle\weave\packages\core\changelog\changelog-net\Changelog.Benchmarks\bin\Release\net10.0\62a585b1-7bac-40e5-b16c-536599a7dfeb\bin\Release\net10.0
// BeforeAnythingElse

// Benchmark Process Environment Information:
// BenchmarkDotNet v0.14.0
// Runtime=.NET 10.0.1 (10.0.125.57005), X64 RyuJIT AVX2
// GC=Concurrent Workstation
// HardwareIntrinsics=AVX2,AES,BMI1,BMI2,FMA,LZCNT,PCLMUL,POPCNT VectorSize=256
// Job: DefaultJob

OverheadJitting  1: 4608 op, 218300.00 ns, 47.3741 ns/op
WorkloadJitting  1: 4608 op, 11685343000.00 ns, 2.5359 ms/op

WorkloadWarmup   1: 4608 op, 10099960400.00 ns, 2.1918 ms/op
WorkloadWarmup   2: 4608 op, 10330131200.00 ns, 2.2418 ms/op
WorkloadWarmup   3: 4608 op, 10906041900.00 ns, 2.3668 ms/op
WorkloadWarmup   4: 4608 op, 10698196600.00 ns, 2.3217 ms/op
WorkloadWarmup   5: 4608 op, 13804450400.00 ns, 2.9958 ms/op
WorkloadWarmup   6: 4608 op, 16095445400.00 ns, 3.4929 ms/op
WorkloadWarmup   7: 4608 op, 15747521300.00 ns, 3.4174 ms/op

// BeforeActualRun
WorkloadActual   1: 4608 op, 16010788700.00 ns, 3.4746 ms/op
WorkloadActual   2: 4608 op, 15966696000.00 ns, 3.4650 ms/op
WorkloadActual   3: 4608 op, 16281438600.00 ns, 3.5333 ms/op
WorkloadActual   4: 4608 op, 16125389300.00 ns, 3.4994 ms/op
WorkloadActual   5: 4608 op, 15707746500.00 ns, 3.4088 ms/op
WorkloadActual   6: 4608 op, 15899630000.00 ns, 3.4504 ms/op
WorkloadActual   7: 4608 op, 15989428600.00 ns, 3.4699 ms/op
WorkloadActual   8: 4608 op, 15912266000.00 ns, 3.4532 ms/op
WorkloadActual   9: 4608 op, 15890705100.00 ns, 3.4485 ms/op
WorkloadActual  10: 4608 op, 16052567900.00 ns, 3.4836 ms/op
WorkloadActual  11: 4608 op, 15933004400.00 ns, 3.4577 ms/op
WorkloadActual  12: 4608 op, 15997217800.00 ns, 3.4716 ms/op
WorkloadActual  13: 4608 op, 15898794000.00 ns, 3.4503 ms/op
WorkloadActual  14: 4608 op, 16154159200.00 ns, 3.5057 ms/op
WorkloadActual  15: 4608 op, 15654322800.00 ns, 3.3972 ms/op

// AfterActualRun
WorkloadResult   1: 4608 op, 16010788700.00 ns, 3.4746 ms/op
WorkloadResult   2: 4608 op, 15966696000.00 ns, 3.4650 ms/op
WorkloadResult   3: 4608 op, 16125389300.00 ns, 3.4994 ms/op
WorkloadResult   4: 4608 op, 15707746500.00 ns, 3.4088 ms/op
WorkloadResult   5: 4608 op, 15899630000.00 ns, 3.4504 ms/op
WorkloadResult   6: 4608 op, 15989428600.00 ns, 3.4699 ms/op
WorkloadResult   7: 4608 op, 15912266000.00 ns, 3.4532 ms/op
WorkloadResult   8: 4608 op, 15890705100.00 ns, 3.4485 ms/op
WorkloadResult   9: 4608 op, 16052567900.00 ns, 3.4836 ms/op
WorkloadResult  10: 4608 op, 15933004400.00 ns, 3.4577 ms/op
WorkloadResult  11: 4608 op, 15997217800.00 ns, 3.4716 ms/op
WorkloadResult  12: 4608 op, 15898794000.00 ns, 3.4503 ms/op
WorkloadResult  13: 4608 op, 16154159200.00 ns, 3.5057 ms/op
WorkloadResult  14: 4608 op, 15654322800.00 ns, 3.3972 ms/op
// GC:  1 0 0 8524472 4608
// Threading:  9 8 4608

// AfterAll
// Benchmark Process 50996 has exited with code 0.

Mean = 3.460 ms, StdErr = 0.008 ms (0.23%), N = 14, StdDev = 0.030 ms
Min = 3.397 ms, Q1 = 3.450 ms, Median = 3.461 ms, Q3 = 3.474 ms, Max = 3.506 ms
IQR = 0.024 ms, LowerFence = 3.415 ms, UpperFence = 3.509 ms
ConfidenceInterval = [3.426 ms; 3.493 ms] (CI 99.9%), Margin = 0.034 ms (0.97% of Mean)
Skewness = -0.54, Kurtosis = 2.63, MValue = 2

// ** Remained 0 (0.0%) benchmark(s) to run. Estimated finish 2026-01-02 22:22 (0h 0m from now) **
Successfully reverted power plan (GUID: 9935e61f-1661-40c5-ae2f-8495027d5d5d FriendlyName: AMD Ryzen™ High Performance)
// ***** BenchmarkRunner: Finish  *****

// * Export *
  BenchmarkDotNet.Artifacts\results\Changelog.Benchmarks.SqliteBenchmarks-report.csv
  BenchmarkDotNet.Artifacts\results\Changelog.Benchmarks.SqliteBenchmarks-report-github.md
  BenchmarkDotNet.Artifacts\results\Changelog.Benchmarks.SqliteBenchmarks-report.html

// * Detailed results *
SqliteBenchmarks.ConcurrentReadWriteAsync: DefaultJob [ChangeCount=100000, GroupSize=1000, StorageMode=sqlite]
Runtime = .NET 10.0.1 (10.0.125.57005), X64 RyuJIT AVX2; GC = Concurrent Workstation
Mean = 2.374 ms, StdErr = 0.011 ms (0.47%), N = 16, StdDev = 0.045 ms
Min = 2.298 ms, Q1 = 2.349 ms, Median = 2.374 ms, Q3 = 2.407 ms, Max = 2.457 ms
IQR = 0.058 ms, LowerFence = 2.263 ms, UpperFence = 2.494 ms
ConfidenceInterval = [2.328 ms; 2.420 ms] (CI 99.9%), Margin = 0.046 ms (1.93% of Mean)
Skewness = -0.02, Kurtosis = 2.1, MValue = 2
-------------------- Histogram --------------------
[2.293 ms ; 2.349 ms) | @@@@
[2.349 ms ; 2.481 ms) | @@@@@@@@@@@@
---------------------------------------------------

SqliteBenchmarks.ConcurrentReadWriteAsync: DefaultJob [ChangeCount=100000, GroupSize=1000, StorageMode=sqlite+cache]
Runtime = .NET 10.0.1 (10.0.125.57005), X64 RyuJIT AVX2; GC = Concurrent Workstation
Mean = 3.460 ms, StdErr = 0.008 ms (0.23%), N = 14, StdDev = 0.030 ms
Min = 3.397 ms, Q1 = 3.450 ms, Median = 3.461 ms, Q3 = 3.474 ms, Max = 3.506 ms
IQR = 0.024 ms, LowerFence = 3.415 ms, UpperFence = 3.509 ms
ConfidenceInterval = [3.426 ms; 3.493 ms] (CI 99.9%), Margin = 0.034 ms (0.97% of Mean)
Skewness = -0.54, Kurtosis = 2.63, MValue = 2
-------------------- Histogram --------------------
[3.381 ms ; 3.522 ms) | @@@@@@@@@@@@@@
---------------------------------------------------

// * Summary *

BenchmarkDotNet v0.14.0, Windows 11 (10.0.26100.7462)
AMD Ryzen 7 3700X, 1 CPU, 16 logical and 8 physical cores
.NET SDK 10.0.101
  [Host]     : .NET 10.0.1 (10.0.125.57005), X64 RyuJIT AVX2
  DefaultJob : .NET 10.0.1 (10.0.125.57005), X64 RyuJIT AVX2


| Method                   | ChangeCount | GroupSize | StorageMode  | Mean     | Error     | StdDev    | Gen0   | Allocated |
|------------------------- |------------ |---------- |------------- |---------:|----------:|----------:|-------:|----------:|
| ConcurrentReadWriteAsync | 100000      | 1000      | sqlite       | 2.374 ms | 0.0458 ms | 0.0450 ms | 0.2170 |    2.9 KB |
| ConcurrentReadWriteAsync | 100000      | 1000      | sqlite+cache | 3.460 ms | 0.0337 ms | 0.0299 ms | 0.2170 |   1.81 KB |

// * Hints *
Outliers
  SqliteBenchmarks.ConcurrentReadWriteAsync: Default -> 1 outlier  was  removed, 2 outliers were detected (3.40 ms, 3.53 ms)

// * Legends *
  ChangeCount : Value of the 'ChangeCount' parameter
  GroupSize   : Value of the 'GroupSize' parameter
  StorageMode : Value of the 'StorageMode' parameter
  Mean        : Arithmetic mean of all measurements
  Error       : Half of 99.9% confidence interval
  StdDev      : Standard deviation of all measurements
  Gen0        : GC Generation 0 collects per 1000 operations
  Allocated   : Allocated memory per single operation (managed only, inclusive, 1KB = 1024B)
  1 ms        : 1 Millisecond (0.001 sec)

// * Diagnostic Output - MemoryDiagnoser *


// ***** BenchmarkRunner: End *****
Run time: 00:11:07 (667.07 sec), executed benchmarks: 2

Global total time: 00:11:20 (680.57 sec), executed benchmarks: 2
// * Artifacts cleanup *
Artifacts cleanup is finished
